2024-03-04T00:23:27.912792+00:00 ChryslerPC systemd[1]: first-boot-complete.target - First Boot Complete was skipped because of an unmet condition check (ConditionFirstBoot=yes).
2024-03-04T00:23:27.913594+00:00 ChryslerPC systemd[1]: Starting systemd-journal-flush.service - Flush Journal to Persistent Storage...
2024-03-04T00:23:27.913602+00:00 ChryslerPC systemd-modules-load[239]: Inserted module 'lp'
2024-03-04T00:23:27.913604+00:00 ChryslerPC systemd-modules-load[239]: Inserted module 'ppdev'
2024-03-04T00:23:27.913605+00:00 ChryslerPC systemd-sysusers[252]: Creating group 'gamemode' with GID 994.
2024-03-04T00:23:27.913606+00:00 ChryslerPC systemd-sysusers[252]: Creating group 'gnome-initial-setup' with GID 993.
2024-03-04T00:23:27.913608+00:00 ChryslerPC systemd[1]: Finished systemd-journal-flush.service - Flush Journal to Persistent Storage.
2024-03-04T00:23:27.913610+00:00 ChryslerPC systemd-modules-load[239]: Inserted module 'parport_pc'
2024-03-04T00:23:27.915044+00:00 ChryslerPC systemd-modules-load[239]: Inserted module 'msr'
2024-03-04T00:23:27.915048+00:00 ChryslerPC systemd[1]: Finished systemd-modules-load.service - Load Kernel Modules.
2024-03-04T00:23:27.915050+00:00 ChryslerPC systemd[1]: Starting systemd-sysctl.service - Apply Kernel Variables...
2024-03-04T00:23:27.915051+00:00 ChryslerPC systemd[1]: Finished systemd-udev-trigger.service - Coldplug All udev Devices.
2024-03-04T00:23:27.915052+00:00 ChryslerPC systemd[1]: Finished systemd-sysusers.service - Create System Users.
2024-03-04T00:23:27.915053+00:00 ChryslerPC systemd[1]: Starting systemd-tmpfiles-setup-dev.service - Create Static Device Nodes in /dev...
2024-03-04T00:23:27.915057+00:00 ChryslerPC systemd[1]: Finished systemd-sysctl.service - Apply Kernel Variables.
2024-03-04T00:23:27.915059+00:00 ChryslerPC systemd[1]: Finished systemd-tmpfiles-setup-dev.service - Create Static Device Nodes in /dev.
2024-03-04T00:23:27.915060+00:00 ChryslerPC systemd[1]: Starting systemd-udevd.service - Rule-based Manager for Device Events and Files...
2024-03-04T00:23:27.915061+00:00 ChryslerPC systemd[1]: Finished keyboard-setup.service - Set the console keyboard layout.
2024-03-04T00:23:27.915062+00:00 ChryslerPC systemd[1]: Reached target local-fs-pre.target - Preparation for Local File Systems.
2024-03-04T00:23:27.915063+00:00 ChryslerPC systemd-udevd[271]: Using default interface naming scheme 'v252'.
2024-03-04T00:23:27.915067+00:00 ChryslerPC systemd[1]: Started systemd-udevd.service - Rule-based Manager for Device Events and Files.
2024-03-04T00:23:27.915068+00:00 ChryslerPC systemd[1]: Starting plymouth-start.service - Show Plymouth Boot Screen...
2024-03-04T00:23:27.915070+00:00 ChryslerPC systemd[1]: Received SIGRTMIN+20 from PID 299 (plymouthd).
2024-03-04T00:23:27.915071+00:00 ChryslerPC systemd[1]: Started plymouth-start.service - Show Plymouth Boot Screen.
2024-03-04T00:23:27.915072+00:00 ChryslerPC systemd[1]: systemd-ask-password-console.path - Dispatch Password Requests to Console Directory Watch was skipped because of an unmet condition check (ConditionPathExists=!/run/plymouth/pid).
2024-03-04T00:23:27.915111+00:00 ChryslerPC systemd[1]: Started systemd-ask-password-plymouth.path - Forward Password Requests to Plymouth Directory Watch.
2024-03-04T00:23:27.915116+00:00 ChryslerPC systemd[1]: Reached target cryptsetup.target - Local Encrypted Volumes.
2024-03-04T00:23:27.915118+00:00 ChryslerPC systemd-udevd[283]: event_source: Failed to get device name: No such file or directory
2024-03-04T00:23:27.915120+00:00 ChryslerPC systemd-udevd[277]: sda: Process '/usr/bin/unshare -m /usr/bin/snap auto-import --mount=/dev/sda' failed with exit code 1.
2024-03-04T00:23:27.915121+00:00 ChryslerPC mtp-probe: checking bus 1, device 2: "/sys/devices/pci0000:00/0000:00:06.0/usb1/1-1"
2024-03-04T00:23:27.915122+00:00 ChryslerPC mtp-probe: bus: 1, device: 2 was not an MTP device
2024-03-04T00:23:27.915127+00:00 ChryslerPC systemd[1]: Listening on systemd-rfkill.socket - Load/Save RF Kill Switch Status /dev/rfkill Watch.
2024-03-04T00:23:27.915128+00:00 ChryslerPC systemd-udevd[277]: sda2: Process '/usr/bin/unshare -m /usr/bin/snap auto-import --mount=/dev/sda2' failed with exit code 1.
2024-03-04T00:23:27.915129+00:00 ChryslerPC systemd-udevd[272]: sda1: Process '/usr/bin/unshare -m /usr/bin/snap auto-import --mount=/dev/sda1' failed with exit code 1.
2024-03-04T00:23:27.915131+00:00 ChryslerPC systemd-udevd[281]: sr0: Process '/usr/bin/unshare -m /usr/bin/snap auto-import --mount=/dev/sr0' failed with exit code 1.
2024-03-04T00:23:27.915133+00:00 ChryslerPC cloud-init[361]: Cloud-init v. 23.1.2-0ubuntu0~23.04.1 running 'init-local' at Mon, 04 Mar 2024 00:23:22 +0000. Up 3.05 seconds.
2024-03-04T00:23:27.915136+00:00 ChryslerPC systemd[1]: Finished cloud-init-local.service - Initial cloud-init job (pre-networking).
2024-03-04T00:23:27.915137+00:00 ChryslerPC systemd[1]: Starting cloud-init.service - Initial cloud-init job (metadata service crawler)...
2024-03-04T00:23:27.915138+00:00 ChryslerPC cloud-init[485]: Cloud-init v. 23.1.2-0ubuntu0~23.04.1 running 'init' at Mon, 04 Mar 2024 00:23:23 +0000. Up 3.29 seconds.
2024-03-04T00:23:27.915140+00:00 ChryslerPC cloud-init[485]: ci-info: +++++++++++++++++++++++++++Net device info++++++++++++++++++++++++++++
2024-03-04T00:23:27.915141+00:00 ChryslerPC cloud-init[485]: ci-info: +--------+-------+-----------+-----------+-------+-------------------+
2024-03-04T00:23:27.915143+00:00 ChryslerPC cloud-init[485]: ci-info: | Device |   Up  |  Address  |    Mask   | Scope |     Hw-Address    |
2024-03-04T00:23:27.915145+00:00 ChryslerPC cloud-init[485]: ci-info: +--------+-------+-----------+-----------+-------+-------------------+
2024-03-04T00:23:27.915146+00:00 ChryslerPC cloud-init[485]: ci-info: | enp0s3 | False |     .     |     .     |   .   | 08:00:27:86:77:ea |
2024-03-04T00:23:27.915147+00:00 ChryslerPC cloud-init[485]: ci-info: | enp0s8 | False |     .     |     .     |   .   | 08:00:27:45:c6:17 |
2024-03-04T00:23:27.915148+00:00 ChryslerPC cloud-init[485]: ci-info: |   lo   |  True | 127.0.0.1 | 255.0.0.0 |  host |         .         |
2024-03-04T00:23:27.915150+00:00 ChryslerPC cloud-init[485]: ci-info: |   lo   |  True |  ::1/128  |     .     |  host |         .         |
2024-03-04T00:23:27.915152+00:00 ChryslerPC cloud-init[485]: ci-info: +--------+-------+-----------+-----------+-------+-------------------+
2024-03-04T00:23:27.915153+00:00 ChryslerPC cloud-init[485]: ci-info: +++++++++++++++++++Route IPv6 info+++++++++++++++++++
2024-03-04T00:23:27.915154+00:00 ChryslerPC cloud-init[485]: ci-info: +-------+-------------+---------+-----------+-------+
2024-03-04T00:23:27.915155+00:00 ChryslerPC cloud-init[485]: ci-info: | Route | Destination | Gateway | Interface | Flags |
2024-03-04T00:23:27.915157+00:00 ChryslerPC cloud-init[485]: ci-info: +-------+-------------+---------+-----------+-------+
2024-03-04T00:23:27.915158+00:00 ChryslerPC cloud-init[485]: ci-info: +-------+-------------+---------+-----------+-------+
2024-03-04T00:23:27.915228+00:00 ChryslerPC systemd-udevd[298]: controlC0: Process '/usr/sbin/alsactl -E HOME=/run/alsa -E XDG_RUNTIME_DIR=/run/alsa/runtime restore 0' failed with exit code 99.
2024-03-04T00:23:27.915232+00:00 ChryslerPC systemd[1]: systemd-ask-password-console.path - Dispatch Password Requests to Console Directory Watch was skipped because of an unmet condition check (ConditionPathExists=!/run/plymouth/pid).
2024-03-04T00:23:27.915234+00:00 ChryslerPC systemd[1]: Starting modprobe@efi_pstore.service - Load Kernel Module efi_pstore...
2024-03-04T00:23:27.915235+00:00 ChryslerPC systemd[1]: systemd-firstboot.service - First Boot Wizard was skipped because of an unmet condition check (ConditionFirstBoot=yes).
2024-03-04T00:23:27.915239+00:00 ChryslerPC systemd[1]: first-boot-complete.target - First Boot Complete was skipped because of an unmet condition check (ConditionFirstBoot=yes).
2024-03-04T00:23:27.915240+00:00 ChryslerPC systemd[1]: systemd-fsck-root.service - File System Check on Root Device was skipped because of an unmet condition check (ConditionPathExists=!/run/initramfs/fsck-root).
2024-03-04T00:23:27.915241+00:00 ChryslerPC systemd[1]: systemd-repart.service - Repartition Root Disk was skipped because no trigger condition checks were met.
2024-03-04T00:23:27.915243+00:00 ChryslerPC systemd[1]: modprobe@efi_pstore.service: Deactivated successfully.
2024-03-04T00:23:27.915244+00:00 ChryslerPC systemd[1]: Finished modprobe@efi_pstore.service - Load Kernel Module efi_pstore.
2024-03-04T00:23:27.915245+00:00 ChryslerPC systemd[1]: systemd-pstore.service - Platform Persistent Storage Archival was skipped because of an unmet condition check (ConditionDirectoryNotEmpty=/sys/fs/pstore).
2024-03-04T00:23:27.915272+00:00 ChryslerPC systemd[1]: Mounting snap-bare-5.mount - Mount unit for bare, revision 5...
2024-03-04T00:23:27.915273+00:00 ChryslerPC systemd[1]: Mounting snap-core22-607.mount - Mount unit for core22, revision 607...
2024-03-04T00:23:27.915276+00:00 ChryslerPC systemd[1]: Mounting snap-firefox-2517.mount - Mount unit for firefox, revision 2517...
2024-03-04T00:23:27.915277+00:00 ChryslerPC systemd[1]: Mounting snap-gnome\x2d42\x2d2204-87.mount - Mount unit for gnome-42-2204, revision 87...
2024-03-04T00:23:27.915279+00:00 ChryslerPC systemd[1]: Mounting snap-gtk\x2dcommon\x2dthemes-1535.mount - Mount unit for gtk-common-themes, revision 1535...
2024-03-04T00:23:27.915280+00:00 ChryslerPC systemd[1]: Mounting snap-snap\x2dstore-959.mount - Mount unit for snap-store, revision 959...
2024-03-04T00:23:27.915281+00:00 ChryslerPC systemd[1]: Mounting snap-snapd-18933.mount - Mount unit for snapd, revision 18933...
2024-03-04T00:23:27.915283+00:00 ChryslerPC systemd[1]: Mounting snap-snapd\x2ddesktop\x2dintegration-83.mount - Mount unit for snapd-desktop-integration, revision 83...
2024-03-04T00:23:27.915285+00:00 ChryslerPC systemd[1]: Mounted snap-bare-5.mount - Mount unit for bare, revision 5.
2024-03-04T00:23:27.915286+00:00 ChryslerPC systemd[1]: Mounted snap-core22-607.mount - Mount unit for core22, revision 607.
2024-03-04T00:23:27.915287+00:00 ChryslerPC systemd[1]: Mounted snap-firefox-2517.mount - Mount unit for firefox, revision 2517.
2024-03-04T00:23:27.915288+00:00 ChryslerPC systemd[1]: Mounted snap-gnome\x2d42\x2d2204-87.mount - Mount unit for gnome-42-2204, revision 87.
2024-03-04T00:23:27.915289+00:00 ChryslerPC systemd[1]: Mounted snap-gtk\x2dcommon\x2dthemes-1535.mount - Mount unit for gtk-common-themes, revision 1535.
2024-03-04T00:23:27.915292+00:00 ChryslerPC systemd[1]: Mounted snap-snap\x2dstore-959.mount - Mount unit for snap-store, revision 959.
2024-03-04T00:23:27.915293+00:00 ChryslerPC systemd[1]: Mounted snap-snapd-18933.mount - Mount unit for snapd, revision 18933.
2024-03-04T00:23:27.915294+00:00 ChryslerPC systemd[1]: Mounted snap-snapd\x2ddesktop\x2dintegration-83.mount - Mount unit for snapd-desktop-integration, revision 83.
2024-03-04T00:23:27.915296+00:00 ChryslerPC systemd[1]: Reached target snapd.mounts.target - Mounted snaps.
2024-03-04T00:23:27.915297+00:00 ChryslerPC systemd[1]: Reached target local-fs.target - Local File Systems.
2024-03-04T00:23:27.915298+00:00 ChryslerPC systemd[1]: Starting apparmor.service - Load AppArmor profiles...
2024-03-04T00:23:27.915300+00:00 ChryslerPC systemd[1]: Starting console-setup.service - Set console font and keymap...
2024-03-04T00:23:27.915301+00:00 ChryslerPC systemd[1]: Starting plymouth-read-write.service - Tell Plymouth To Write Out Runtime Data...
2024-03-04T00:23:27.915303+00:00 ChryslerPC systemd[1]: Starting systemd-binfmt.service - Set Up Additional Binary Formats...
2024-03-04T00:23:27.915304+00:00 ChryslerPC systemd[1]: systemd-machine-id-commit.service - Commit a transient machine-id on disk was skipped because of an unmet condition check (ConditionPathIsMountPoint=/etc/machine-id).
2024-03-04T00:23:27.915305+00:00 ChryslerPC systemd[1]: Starting systemd-tmpfiles-setup.service - Create Volatile Files and Directories...
2024-03-04T00:23:27.915307+00:00 ChryslerPC systemd[1]: Starting ufw.service - Uncomplicated firewall...
2024-03-04T00:23:27.915308+00:00 ChryslerPC systemd[1]: proc-sys-fs-binfmt_misc.automount: Got automount request for /proc/sys/fs/binfmt_misc, triggered by 533 (systemd-binfmt)
2024-03-04T00:23:27.915310+00:00 ChryslerPC systemd[1]: Finished console-setup.service - Set console font and keymap.
2024-03-04T00:23:27.915311+00:00 ChryslerPC apparmor.systemd[529]: Restarting AppArmor
2024-03-04T00:23:27.915312+00:00 ChryslerPC apparmor.systemd[529]: Reloading AppArmor profiles
2024-03-04T00:23:27.915314+00:00 ChryslerPC systemd[1]: Finished ufw.service - Uncomplicated firewall.
2024-03-04T00:23:27.915315+00:00 ChryslerPC systemd[1]: Reached target network-pre.target - Preparation for Network.
2024-03-04T00:23:27.915317+00:00 ChryslerPC systemd[1]: Received SIGRTMIN+20 from PID 299 (plymouthd).
2024-03-04T00:23:27.915319+00:00 ChryslerPC systemd[1]: Finished plymouth-read-write.service - Tell Plymouth To Write Out Runtime Data.
2024-03-04T00:23:27.915320+00:00 ChryslerPC systemd[1]: Finished systemd-tmpfiles-setup.service - Create Volatile Files and Directories.
2024-03-04T00:23:27.915321+00:00 ChryslerPC systemd[1]: Starting systemd-oomd.service - Userspace Out-Of-Memory (OOM) Killer...
2024-03-04T00:23:27.915322+00:00 ChryslerPC systemd[1]: Starting systemd-resolved.service - Network Name Resolution...
2024-03-04T00:23:27.915324+00:00 ChryslerPC systemd[1]: Starting systemd-timesyncd.service - Network Time Synchronization...
2024-03-04T00:23:27.915325+00:00 ChryslerPC systemd[1]: Starting systemd-update-utmp.service - Record System Boot/Shutdown in UTMP...
2024-03-04T00:23:27.915326+00:00 ChryslerPC systemd[1]: Finished systemd-update-utmp.service - Record System Boot/Shutdown in UTMP.
2024-03-04T00:23:27.915327+00:00 ChryslerPC cloud-init[485]: Generating public/private rsa key pair.
2024-03-04T00:23:27.915329+00:00 ChryslerPC cloud-init[485]: Your identification has been saved in /etc/ssh/ssh_host_rsa_key
2024-03-04T00:23:27.915330+00:00 ChryslerPC cloud-init[485]: Your public key has been saved in /etc/ssh/ssh_host_rsa_key.pub
2024-03-04T00:23:27.915332+00:00 ChryslerPC cloud-init[485]: The key fingerprint is:
2024-03-04T00:23:27.915334+00:00 ChryslerPC cloud-init[485]: SHA256:HHkl0JxuAYGUCLX/N0sSjsFmgeBXNjZb75BJi5HRjR8 root@ChryslerPC
2024-03-04T00:23:27.915335+00:00 ChryslerPC cloud-init[485]: The key's randomart image is:
2024-03-04T00:23:27.915337+00:00 ChryslerPC cloud-init[485]: +---[RSA 3072]----+
2024-03-04T00:23:27.915338+00:00 ChryslerPC cloud-init[485]: |  oo.oX**O...    |
2024-03-04T00:23:27.915339+00:00 ChryslerPC cloud-init[485]: | . ..*+Oo*Eo     |
2024-03-04T00:23:27.915340+00:00 ChryslerPC cloud-init[485]: |  . + + Booo     |
2024-03-04T00:23:27.915342+00:00 ChryslerPC cloud-init[485]: |   . o o =+      |
2024-03-04T00:23:27.915343+00:00 ChryslerPC cloud-init[485]: |      * S..      |
2024-03-04T00:23:27.915344+00:00 ChryslerPC cloud-init[485]: |     o = .       |
2024-03-04T00:23:27.915345+00:00 ChryslerPC cloud-init[485]: |      . + +      |
2024-03-04T00:23:27.915346+00:00 ChryslerPC cloud-init[485]: |         + o     |
2024-03-04T00:23:27.915347+00:00 ChryslerPC cloud-init[485]: |          .      |
2024-03-04T00:23:27.915349+00:00 ChryslerPC cloud-init[485]: +----[SHA256]-----+
2024-03-04T00:23:27.915350+00:00 ChryslerPC cloud-init[485]: Generating public/private dsa key pair.
2024-03-04T00:23:27.915352+00:00 ChryslerPC cloud-init[485]: Your identification has been saved in /etc/ssh/ssh_host_dsa_key
2024-03-04T00:23:27.915355+00:00 ChryslerPC cloud-init[485]: Your public key has been saved in /etc/ssh/ssh_host_dsa_key.pub
2024-03-04T00:23:27.915356+00:00 ChryslerPC cloud-init[485]: The key fingerprint is:
2024-03-04T00:23:27.915357+00:00 ChryslerPC cloud-init[485]: SHA256:dGnXhnF+jNQYcHcvYUiadFkd11RUOv6xmVNnBHOQUsI root@ChryslerPC
2024-03-04T00:23:27.915359+00:00 ChryslerPC cloud-init[485]: The key's randomart image is:
2024-03-04T00:23:27.915360+00:00 ChryslerPC cloud-init[485]: +---[DSA 1024]----+
2024-03-04T00:23:27.915361+00:00 ChryslerPC cloud-init[485]: |          .o**&@#|
2024-03-04T00:23:27.915363+00:00 ChryslerPC cloud-init[485]: |         . =E@oXB|
2024-03-04T00:23:27.915364+00:00 ChryslerPC cloud-init[485]: |        . * o.O =|
2024-03-04T00:23:27.915365+00:00 ChryslerPC cloud-init[485]: |       . o . o = |
2024-03-04T00:23:27.915366+00:00 ChryslerPC cloud-init[485]: |        S     ..+|
2024-03-04T00:23:27.915368+00:00 ChryslerPC cloud-init[485]: |               oB|
2024-03-04T00:23:27.915369+00:00 ChryslerPC cloud-init[485]: |               =.|
2024-03-04T00:23:27.915370+00:00 ChryslerPC cloud-init[485]: |                .|
2024-03-04T00:23:27.915371+00:00 ChryslerPC cloud-init[485]: |                 |
2024-03-04T00:23:27.915372+00:00 ChryslerPC cloud-init[485]: +----[SHA256]-----+
2024-03-04T00:23:27.915374+00:00 ChryslerPC cloud-init[485]: Generating public/private ecdsa key pair.
2024-03-04T00:23:27.915376+00:00 ChryslerPC cloud-init[485]: Your identification has been saved in /etc/ssh/ssh_host_ecdsa_key
2024-03-04T00:23:27.915377+00:00 ChryslerPC cloud-init[485]: Your public key has been saved in /etc/ssh/ssh_host_ecdsa_key.pub
2024-03-04T00:23:27.915379+00:00 ChryslerPC cloud-init[485]: The key fingerprint is:
2024-03-04T00:23:27.915380+00:00 ChryslerPC cloud-init[485]: SHA256:SKBBHxe3fNzwjFEXwAJ28FaY0G1hs+Vv9ar+6xLV+BI root@ChryslerPC
2024-03-04T00:23:27.915381+00:00 ChryslerPC cloud-init[485]: The key's randomart image is:
2024-03-04T00:23:27.915382+00:00 ChryslerPC cloud-init[485]: +---[ECDSA 256]---+
2024-03-04T00:23:27.915384+00:00 ChryslerPC cloud-init[485]: | .o o o.*=+*Bo+. |
2024-03-04T00:23:27.915385+00:00 ChryslerPC cloud-init[485]: |   + + + ==X+*   |
2024-03-04T00:23:27.915387+00:00 ChryslerPC cloud-init[485]: |  . . . o *o= .o.|
2024-03-04T00:23:27.915388+00:00 ChryslerPC cloud-init[485]: |     . . o    E.+|
2024-03-04T00:23:27.915389+00:00 ChryslerPC cloud-init[485]: |      . S    . o+|
2024-03-04T00:23:27.915390+00:00 ChryslerPC cloud-init[485]: |            . .o.|
2024-03-04T00:23:27.915393+00:00 ChryslerPC cloud-init[485]: |             ... |
2024-03-04T00:23:27.915394+00:00 ChryslerPC cloud-init[485]: |            ..   |
2024-03-04T00:23:27.915395+00:00 ChryslerPC cloud-init[485]: |           .o++. |
2024-03-04T00:23:27.915396+00:00 ChryslerPC cloud-init[485]: +----[SHA256]-----+
2024-03-04T00:23:27.915397+00:00 ChryslerPC cloud-init[485]: Generating public/private ed25519 key pair.
2024-03-04T00:23:27.915399+00:00 ChryslerPC cloud-init[485]: Your identification has been saved in /etc/ssh/ssh_host_ed25519_key
2024-03-04T00:23:27.915400+00:00 ChryslerPC cloud-init[485]: Your public key has been saved in /etc/ssh/ssh_host_ed25519_key.pub
2024-03-04T00:23:27.915402+00:00 ChryslerPC cloud-init[485]: The key fingerprint is:
2024-03-04T00:23:27.915403+00:00 ChryslerPC cloud-init[485]: SHA256:V2Z1FNN19RrhErqQlmOkD6+4l+VzB+NwcySXtcsVixM root@ChryslerPC
2024-03-04T00:23:27.915405+00:00 ChryslerPC cloud-init[485]: The key's randomart image is:
2024-03-04T00:23:27.915406+00:00 ChryslerPC cloud-init[485]: +--[ED25519 256]--+
2024-03-04T00:23:27.915407+00:00 ChryslerPC cloud-init[485]: |        .   . o+@|
2024-03-04T00:23:27.915408+00:00 ChryslerPC cloud-init[485]: |       o o . E.+=|
2024-03-04T00:23:27.915414+00:00 ChryslerPC cloud-init[485]: |      o B . =o=.+|
2024-03-04T00:23:27.915415+00:00 ChryslerPC cloud-init[485]: |       * o.=++.+.|
2024-03-04T00:23:27.915416+00:00 ChryslerPC cloud-init[485]: |        S o+ .oo |
2024-03-04T00:23:27.915417+00:00 ChryslerPC cloud-init[485]: |     . .o.= . o  |
2024-03-04T00:23:27.915418+00:00 ChryslerPC cloud-init[485]: |    . .+ + =     |
2024-03-04T00:23:27.915419+00:00 ChryslerPC cloud-init[485]: |     .o o o .    |
2024-03-04T00:23:27.915423+00:00 ChryslerPC cloud-init[485]: |    ..   o .     |
2024-03-04T00:23:27.915424+00:00 ChryslerPC cloud-init[485]: +----[SHA256]-----+
2024-03-04T00:23:27.915425+00:00 ChryslerPC systemd[1]: Finished cloud-init.service - Initial cloud-init job (metadata service crawler).
2024-03-04T00:23:27.915427+00:00 ChryslerPC systemd[1]: Reached target cloud-config.target - Cloud-config availability.
2024-03-04T00:23:27.915428+00:00 ChryslerPC apparmor.systemd[564]: Warning: found usr.sbin.sssd in /etc/apparmor.d/force-complain, forcing complain mode
2024-03-04T00:23:27.915429+00:00 ChryslerPC apparmor.systemd[564]: Warning from /etc/apparmor.d (/etc/apparmor.d/usr.sbin.sssd line 60): Caching disabled for: 'usr.sbin.sssd' due to force complain
2024-03-04T00:23:27.915433+00:00 ChryslerPC systemd[1]: Mounting proc-sys-fs-binfmt_misc.mount - Arbitrary Executable File Formats File System...
2024-03-04T00:23:27.915434+00:00 ChryslerPC systemd[1]: Mounted proc-sys-fs-binfmt_misc.mount - Arbitrary Executable File Formats File System.
2024-03-04T00:23:27.915435+00:00 ChryslerPC systemd[1]: Finished systemd-binfmt.service - Set Up Additional Binary Formats.
2024-03-04T00:23:27.915436+00:00 ChryslerPC systemd[1]: Started systemd-oomd.service - Userspace Out-Of-Memory (OOM) Killer.
2024-03-04T00:23:27.915437+00:00 ChryslerPC systemd[1]: Started systemd-timesyncd.service - Network Time Synchronization.
2024-03-04T00:23:27.915439+00:00 ChryslerPC systemd[1]: Reached target time-set.target - System Time Set.
2024-03-04T00:23:27.915441+00:00 ChryslerPC systemd-resolved[550]: Positive Trust Anchors:
2024-03-04T00:23:27.915442+00:00 ChryslerPC systemd-resolved[550]: . IN DS 20326 8 2 e06d44b80b8f1d39a95c0b0d7c65d08458e880409bbc683457104237c7f8ec8d
2024-03-04T00:23:27.915444+00:00 ChryslerPC systemd-resolved[550]: Negative trust anchors: home.arpa 10.in-addr.arpa 16.172.in-addr.arpa 17.172.in-addr.arpa 18.172.in-addr.arpa 19.172.in-addr.arpa 20.172.in-addr.arpa 21.172.in-addr.arpa 22.172.in-addr.arpa 23.172.in-addr.arpa 24.172.in-addr.arpa 25.172.in-addr.arpa 26.172.in-addr.arpa 27.172.in-addr.arpa 28.172.in-addr.arpa 29.172.in-addr.arpa 30.172.in-addr.arpa 31.172.in-addr.arpa 168.192.in-addr.arpa d.f.ip6.arpa corp home internal intranet lan local private test
2024-03-04T00:23:27.915445+00:00 ChryslerPC systemd-resolved[550]: Using system hostname 'ChryslerPC'.
2024-03-04T00:23:27.915446+00:00 ChryslerPC systemd[1]: Started systemd-resolved.service - Network Name Resolution.
2024-03-04T00:23:27.915450+00:00 ChryslerPC systemd[1]: Reached target nss-lookup.target - Host and Network Name Lookups.
2024-03-04T00:23:27.915451+00:00 ChryslerPC systemd[1]: Finished apparmor.service - Load AppArmor profiles.
2024-03-04T00:23:27.915452+00:00 ChryslerPC systemd[1]: Starting snapd.apparmor.service - Load AppArmor profiles managed internally by snapd...
2024-03-04T00:23:27.915455+00:00 ChryslerPC snapd-apparmor[568]: main.go:124: Loading profiles [/var/lib/snapd/apparmor/profiles/snap-confine.snapd.18933 /var/lib/snapd/apparmor/profiles/snap-update-ns.firefox /var/lib/snapd/apparmor/profiles/snap-update-ns.snap-store /var/lib/snapd/apparmor/profiles/snap-update-ns.snapd-desktop-integration /var/lib/snapd/apparmor/profiles/snap.firefox.firefox /var/lib/snapd/apparmor/profiles/snap.firefox.geckodriver /var/lib/snapd/apparmor/profiles/snap.firefox.hook.configure /var/lib/snapd/apparmor/profiles/snap.firefox.hook.connect-plug-host-hunspell /var/lib/snapd/apparmor/profiles/snap.firefox.hook.disconnect-plug-host-hunspell /var/lib/snapd/apparmor/profiles/snap.firefox.hook.post-refresh /var/lib/snapd/apparmor/profiles/snap.snap-store.hook.configure /var/lib/snapd/apparmor/profiles/snap.snap-store.snap-store /var/lib/snapd/apparmor/profiles/snap.snap-store.ubuntu-software /var/lib/snapd/apparmor/profiles/snap.snap-store.ubuntu-software-local-file /var/lib/snapd/apparmor/profiles/snap.snapd-desktop-integration.hook.configure /var/lib/snapd/apparmor/profiles/snap.snapd-desktop-integration.snapd-desktop-integration]
2024-03-04T00:23:27.915459+00:00 ChryslerPC systemd[1]: Finished snapd.apparmor.service - Load AppArmor profiles managed internally by snapd.
2024-03-04T00:23:27.915461+00:00 ChryslerPC systemd[1]: Reached target sysinit.target - System Initialization.
2024-03-04T00:23:27.915462+00:00 ChryslerPC systemd[1]: apport-autoreport.path - Process error reports when automatic reporting is enabled (file watch) was skipped because of an unmet condition check (ConditionPathExists=/var/lib/apport/autoreport).
2024-03-04T00:23:27.915463+00:00 ChryslerPC systemd[1]: Started cups.path - CUPS Scheduler.
2024-03-04T00:23:27.915464+00:00 ChryslerPC systemd[1]: tpm-udev.path - Handle dynamically added tpm devices was skipped because of an unmet condition check (ConditionVirtualization=container).
2024-03-04T00:23:27.915465+00:00 ChryslerPC systemd[1]: Started whoopsie.path - Start whoopsie on modification of the /var/crash directory.
2024-03-04T00:23:27.915468+00:00 ChryslerPC systemd[1]: Started anacron.timer - Trigger anacron every hour.
2024-03-04T00:23:27.915470+00:00 ChryslerPC systemd[1]: apport-autoreport.timer - Process error reports when automatic reporting is enabled (timer based) was skipped because of an unmet condition check (ConditionPathExists=/var/lib/apport/autoreport).
2024-03-04T00:23:27.915471+00:00 ChryslerPC systemd[1]: Started apt-daily.timer - Daily apt download activities.
2024-03-04T00:23:27.915472+00:00 ChryslerPC systemd[1]: Started apt-daily-upgrade.timer - Daily apt upgrade and clean activities.
2024-03-04T00:23:27.915473+00:00 ChryslerPC systemd[1]: Started dpkg-db-backup.timer - Daily dpkg database backup timer.
2024-03-04T00:23:27.915476+00:00 ChryslerPC systemd[1]: Started e2scrub_all.timer - Periodic ext4 Online Metadata Check for All Filesystems.
2024-03-04T00:23:27.915477+00:00 ChryslerPC systemd[1]: Started fstrim.timer - Discard unused blocks once a week.
2024-03-04T00:23:27.915478+00:00 ChryslerPC systemd[1]: Started fwupd-refresh.timer - Refresh fwupd metadata regularly.
2024-03-04T00:23:27.915480+00:00 ChryslerPC systemd[1]: Started logrotate.timer - Daily rotation of log files.
2024-03-04T00:23:27.915481+00:00 ChryslerPC systemd[1]: Started man-db.timer - Daily man-db regeneration.
2024-03-04T00:23:27.915482+00:00 ChryslerPC systemd[1]: Started motd-news.timer - Message of the Day.
2024-03-04T00:23:27.915483+00:00 ChryslerPC systemd[1]: snapd.snap-repair.timer - Timer to automatically fetch and run repair assertions was skipped because no trigger condition checks were met.
2024-03-04T00:23:27.915486+00:00 ChryslerPC systemd[1]: Started systemd-tmpfiles-clean.timer - Daily Cleanup of Temporary Directories.
2024-03-04T00:23:27.915488+00:00 ChryslerPC systemd[1]: Started ua-timer.timer - Ubuntu Advantage Timer for running repeated jobs.
2024-03-04T00:23:27.915489+00:00 ChryslerPC systemd[1]: Reached target paths.target - Path Units.
2024-03-04T00:23:27.915490+00:00 ChryslerPC systemd[1]: apport-forward.socket - Unix socket for apport crash forwarding was skipped because of an unmet condition check (ConditionVirtualization=container).
2024-03-04T00:23:27.915491+00:00 ChryslerPC systemd[1]: Listening on avahi-daemon.socket - Avahi mDNS/DNS-SD Stack Activation Socket.
2024-03-04T00:23:27.915494+00:00 ChryslerPC systemd[1]: Listening on cloud-init-hotplugd.socket - cloud-init hotplug hook socket.
2024-03-04T00:23:27.915495+00:00 ChryslerPC systemd[1]: Listening on cups.socket - CUPS Scheduler.
2024-03-04T00:23:27.915496+00:00 ChryslerPC systemd[1]: Listening on dbus.socket - D-Bus System Message Bus Socket.
2024-03-04T00:23:27.915498+00:00 ChryslerPC systemd[1]: Starting snapd.socket - Socket activation for snappy daemon...
2024-03-04T00:23:27.915499+00:00 ChryslerPC systemd[1]: Listening on uuidd.socket - UUID daemon activation socket.
2024-03-04T00:23:27.915500+00:00 ChryslerPC systemd[1]: systemd-pcrphase-sysinit.service - TPM2 PCR Barrier (Initialization) was skipped because of an unmet condition check (ConditionPathExists=/sys/firmware/efi/efivars/StubPcrKernelImage-4a67b082-0a4c-41cf-b6c7-440b29bb8c4f).
2024-03-04T00:23:27.915503+00:00 ChryslerPC systemd[1]: Listening on snapd.socket - Socket activation for snappy daemon.
2024-03-04T00:23:27.915504+00:00 ChryslerPC systemd[1]: Reached target sockets.target - Socket Units.
2024-03-04T00:23:27.915506+00:00 ChryslerPC systemd[1]: Reached target basic.target - Basic System.
2024-03-04T00:23:27.915507+00:00 ChryslerPC systemd[1]: Started anacron.service - Run anacron jobs.
2024-03-04T00:23:27.915508+00:00 ChryslerPC systemd[1]: Starting apport.service - automatic crash report generation...
2024-03-04T00:23:27.915509+00:00 ChryslerPC anacron[593]: Anacron 2.3 started on 2024-03-04
2024-03-04T00:23:27.915512+00:00 ChryslerPC systemd[1]: Starting avahi-daemon.service - Avahi mDNS/DNS-SD Stack...
2024-03-04T00:23:27.915513+00:00 ChryslerPC anacron[593]: Will run job `cron.daily' in 5 min.
2024-03-04T00:23:27.915514+00:00 ChryslerPC anacron[593]: Will run job `cron.weekly' in 10 min.
2024-03-04T00:23:27.915516+00:00 ChryslerPC anacron[593]: Will run job `cron.monthly' in 15 min.
2024-03-04T00:23:27.915517+00:00 ChryslerPC anacron[593]: Jobs will be executed sequentially
2024-03-04T00:23:27.915518+00:00 ChryslerPC systemd[1]: Starting dbus.service - D-Bus System Message Bus...
2024-03-04T00:23:27.915521+00:00 ChryslerPC systemd[1]: Started dmesg.service - Save initial kernel messages after boot.
2024-03-04T00:23:27.915523+00:00 ChryslerPC systemd[1]: Starting e2scrub_reap.service - Remove Stale Online ext4 Metadata Check Snapshots...
2024-03-04T00:23:27.915524+00:00 ChryslerPC systemd[1]: getty-static.service - getty on tty2-tty6 if dbus and logind are not available was skipped because of an unmet condition check (ConditionPathExists=!/usr/bin/dbus-daemon).
2024-03-04T00:23:27.915525+00:00 ChryslerPC systemd[1]: Reached target getty.target - Login Prompts.
2024-03-04T00:23:27.915526+00:00 ChryslerPC systemd[1]: Starting gpu-manager.service - Detect the available GPUs and deal with any system changes...
2024-03-04T00:23:27.915528+00:00 ChryslerPC avahi-daemon[595]: Found user 'avahi' (UID 110) and group 'avahi' (GID 116).
2024-03-04T00:23:27.915687+00:00 ChryslerPC dbus-daemon[596]: dbus[596]: Unknown group "power" in message bus configuration file
2024-03-04T00:23:27.915690+00:00 ChryslerPC dbus-daemon[596]: [system] AppArmor D-Bus mediation is enabled
2024-03-04T00:23:27.915692+00:00 ChryslerPC systemd[1]: Starting grub-common.service - Record successful boot for GRUB...
2024-03-04T00:23:27.915693+00:00 ChryslerPC systemd[1]: Started irqbalance.service - irqbalance daemon.
2024-03-04T00:23:27.915695+00:00 ChryslerPC systemd[1]: networkd-dispatcher.service - Dispatcher daemon for systemd-networkd was skipped because no trigger condition checks were met.
2024-03-04T00:23:27.915696+00:00 ChryslerPC systemd[1]: Starting polkit.service - Authorization Manager...
2024-03-04T00:23:27.915814+00:00 ChryslerPC systemd[1]: Starting power-profiles-daemon.service - Power Profiles daemon...
2024-03-04T00:23:27.915818+00:00 ChryslerPC systemd[1]: Starting rsyslog.service - System Logging Service...
2024-03-04T00:23:27.915820+00:00 ChryslerPC systemd[1]: secureboot-db.service - Secure Boot updates for DB and DBX was skipped because of an unmet condition check (ConditionPathExists=/sys/firmware/efi/efivars/db-d719b2cb-3d3a-4596-a3bc-dad00e67656f).
2024-03-04T00:23:27.915821+00:00 ChryslerPC systemd[1]: Started snapd.aa-prompt-listener.service - Userspace listener for prompt events.
2024-03-04T00:23:27.915823+00:00 ChryslerPC systemd[1]: snapd.core-fixup.service - Automatically repair incorrect owner/permissions on core devices was skipped because no trigger condition checks were met.
2024-03-04T00:23:27.915825+00:00 ChryslerPC systemd[1]: snapd.recovery-chooser-trigger.service - Wait for the Ubuntu Core chooser trigger was skipped because of an unmet condition check (ConditionKernelCommandLine=snapd_recovery_mode).
2024-03-04T00:23:27.915829+00:00 ChryslerPC systemd[1]: Reached target getty-pre.target - Preparation for Logins.
2024-03-04T00:23:27.915831+00:00 ChryslerPC systemd[1]: Starting snapd.service - Snap Daemon...
2024-03-04T00:23:27.915832+00:00 ChryslerPC systemd[1]: sssd.service - System Security Services Daemon was skipped because no trigger condition checks were met.
2024-03-04T00:23:27.915833+00:00 ChryslerPC systemd[1]: Reached target nss-user-lookup.target - User and Group Name Lookups.
2024-03-04T00:23:27.915836+00:00 ChryslerPC systemd[1]: sssd-nss.socket: Bound to unit sssd.service, but unit isn't active.
2024-03-04T00:23:27.915840+00:00 ChryslerPC systemd[1]: Dependency failed for sssd-nss.socket - SSSD NSS Service responder socket.
2024-03-04T00:23:27.915841+00:00 ChryslerPC systemd[1]: sssd-nss.socket: Job sssd-nss.socket/start failed with result 'dependency'.
2024-03-04T00:23:27.915842+00:00 ChryslerPC systemd[1]: sssd-autofs.socket: Bound to unit sssd.service, but unit isn't active.
2024-03-04T00:23:27.915843+00:00 ChryslerPC systemd[1]: Dependency failed for sssd-autofs.socket - SSSD AutoFS Service responder socket.
2024-03-04T00:23:27.915845+00:00 ChryslerPC systemd[1]: sssd-autofs.socket: Job sssd-autofs.socket/start failed with result 'dependency'.
2024-03-04T00:23:27.915846+00:00 ChryslerPC systemd[1]: sssd-pac.socket: Bound to unit sssd.service, but unit isn't active.
2024-03-04T00:23:27.915849+00:00 ChryslerPC systemd[1]: Dependency failed for sssd-pac.socket - SSSD PAC Service responder socket.
2024-03-04T00:23:27.915851+00:00 ChryslerPC systemd[1]: sssd-pac.socket: Job sssd-pac.socket/start failed with result 'dependency'.
2024-03-04T00:23:27.915852+00:00 ChryslerPC systemd[1]: sssd-pam-priv.socket: Bound to unit sssd.service, but unit isn't active.
2024-03-04T00:23:27.915853+00:00 ChryslerPC systemd[1]: Dependency failed for sssd-pam-priv.socket - SSSD PAM Service responder private socket.
2024-03-04T00:23:27.915854+00:00 ChryslerPC systemd[1]: Dependency failed for sssd-pam.socket - SSSD PAM Service responder socket.
2024-03-04T00:23:27.915857+00:00 ChryslerPC systemd[1]: sssd-pam.socket: Job sssd-pam.socket/start failed with result 'dependency'.
2024-03-04T00:23:27.915859+00:00 ChryslerPC systemd[1]: sssd-pam-priv.socket: Job sssd-pam-priv.socket/start failed with result 'dependency'.
2024-03-04T00:23:27.915860+00:00 ChryslerPC systemd[1]: sssd-ssh.socket: Bound to unit sssd.service, but unit isn't active.
2024-03-04T00:23:27.915861+00:00 ChryslerPC systemd[1]: Dependency failed for sssd-ssh.socket - SSSD SSH Service responder socket.
2024-03-04T00:23:27.915862+00:00 ChryslerPC systemd[1]: sssd-ssh.socket: Job sssd-ssh.socket/start failed with result 'dependency'.
2024-03-04T00:23:27.915863+00:00 ChryslerPC systemd[1]: sssd-sudo.socket: Bound to unit sssd.service, but unit isn't active.
2024-03-04T00:23:27.915867+00:00 ChryslerPC systemd[1]: Dependency failed for sssd-sudo.socket - SSSD Sudo Service responder socket.
2024-03-04T00:23:27.915869+00:00 ChryslerPC systemd[1]: sssd-sudo.socket: Job sssd-sudo.socket/start failed with result 'dependency'.
2024-03-04T00:23:27.915870+00:00 ChryslerPC systemd[1]: Starting accounts-daemon.service - Accounts Service...
2024-03-04T00:23:27.915871+00:00 ChryslerPC systemd[1]: Started cron.service - Regular background program processing daemon.
2024-03-04T00:23:27.915872+00:00 ChryslerPC systemd[1]: Starting switcheroo-control.service - Switcheroo Control Proxy service...
2024-03-04T00:23:27.915874+00:00 ChryslerPC cron[634]: (CRON) INFO (pidfile fd = 3)
2024-03-04T00:23:27.915877+00:00 ChryslerPC systemd[1]: Starting systemd-logind.service - User Login Management...
2024-03-04T00:23:27.915878+00:00 ChryslerPC systemd[1]: systemd-pcrphase.service - TPM2 PCR Barrier (User) was skipped because of an unmet condition check (ConditionPathExists=/sys/firmware/efi/efivars/StubPcrKernelImage-4a67b082-0a4c-41cf-b6c7-440b29bb8c4f).
2024-03-04T00:23:27.915879+00:00 ChryslerPC systemd[1]: thermald.service - Thermal Daemon Service was skipped because of an unmet condition check (ConditionVirtualization=no).
2024-03-04T00:23:27.915881+00:00 ChryslerPC systemd[1]: ua-reboot-cmds.service - Ubuntu Advantage reboot cmds was skipped because of an unmet condition check (ConditionPathExists=/var/lib/ubuntu-advantage/marker-reboot-cmds-required).
2024-03-04T00:23:27.915882+00:00 ChryslerPC snapd-aa-prompt-listener[624]: AA Prompt listener not implemented
2024-03-04T00:23:27.915886+00:00 ChryslerPC systemd[1]: Starting udisks2.service - Disk Manager...
2024-03-04T00:23:27.915887+00:00 ChryslerPC systemd[1]: Started dbus.service - D-Bus System Message Bus.
2024-03-04T00:23:27.915888+00:00 ChryslerPC dbus-daemon[596]: [system] Activating systemd to hand-off: service name='org.freedesktop.PolicyKit1' unit='polkit.service' requested by ':1.3' (uid=0 pid=621 comm="/usr/libexec/power-profiles-daemon" label="unconfined")
2024-03-04T00:23:27.915890+00:00 ChryslerPC cron[634]: (CRON) INFO (Running @reboot jobs)
2024-03-04T00:23:27.915891+00:00 ChryslerPC systemd[1]: e2scrub_reap.service: Deactivated successfully.
2024-03-04T00:23:27.915892+00:00 ChryslerPC systemd[1]: Finished e2scrub_reap.service - Remove Stale Online ext4 Metadata Check Snapshots.
2024-03-04T00:23:27.915895+00:00 ChryslerPC systemd[1]: gpu-manager.service: Deactivated successfully.
2024-03-04T00:23:27.915896+00:00 ChryslerPC systemd[1]: Finished gpu-manager.service - Detect the available GPUs and deal with any system changes.
2024-03-04T00:23:27.915898+00:00 ChryslerPC systemd[1]: snapd.aa-prompt-listener.service: Deactivated successfully.
2024-03-04T00:23:27.915899+00:00 ChryslerPC avahi-daemon[595]: Successfully dropped root privileges.
2024-03-04T00:23:27.915900+00:00 ChryslerPC avahi-daemon[595]: avahi-daemon 0.8 starting up.
2024-03-04T00:23:27.915902+00:00 ChryslerPC dbus-daemon[596]: [system] Successfully activated service 'org.freedesktop.systemd1'
2024-03-04T00:23:27.915905+00:00 ChryslerPC systemd[1]: Starting NetworkManager.service - Network Manager...
2024-03-04T00:23:27.915906+00:00 ChryslerPC systemd[1]: Starting wpa_supplicant.service - WPA supplicant...
2024-03-04T00:23:27.915907+00:00 ChryslerPC avahi-daemon[595]: Successfully called chroot().
2024-03-04T00:23:27.915908+00:00 ChryslerPC avahi-daemon[595]: Successfully dropped remaining capabilities.
2024-03-04T00:23:27.915909+00:00 ChryslerPC systemd[1]: Started avahi-daemon.service - Avahi mDNS/DNS-SD Stack.
2024-03-04T00:23:27.915910+00:00 ChryslerPC avahi-daemon[595]: No service file found in /etc/avahi/services.
2024-03-04T00:23:27.915913+00:00 ChryslerPC udisksd[643]: udisks daemon version 2.9.4 starting
2024-03-04T00:23:27.915915+00:00 ChryslerPC avahi-daemon[595]: Joining mDNS multicast group on interface lo.IPv6 with address ::1.
2024-03-04T00:23:27.915916+00:00 ChryslerPC avahi-daemon[595]: New relevant interface lo.IPv6 for mDNS.
2024-03-04T00:23:27.915917+00:00 ChryslerPC avahi-daemon[595]: Joining mDNS multicast group on interface lo.IPv4 with address 127.0.0.1.
2024-03-04T00:23:27.915919+00:00 ChryslerPC avahi-daemon[595]: New relevant interface lo.IPv4 for mDNS.
2024-03-04T00:23:27.915920+00:00 ChryslerPC avahi-daemon[595]: Network interface enumeration completed.
2024-03-04T00:23:27.915923+00:00 ChryslerPC avahi-daemon[595]: Registering new address record for ::1 on lo.*.
2024-03-04T00:23:27.915924+00:00 ChryslerPC avahi-daemon[595]: Registering new address record for 127.0.0.1 on lo.IPv4.
2024-03-04T00:23:27.915925+00:00 ChryslerPC polkitd[620]: started daemon version 0.105 using authority implementation `local' version `0.105'
2024-03-04T00:23:27.915927+00:00 ChryslerPC dbus-daemon[596]: [system] Successfully activated service 'org.freedesktop.PolicyKit1'
2024-03-04T00:23:27.915928+00:00 ChryslerPC dbus-daemon[596]: [system] Activating via systemd: service name='org.freedesktop.login1' unit='dbus-org.freedesktop.login1.service' requested by ':1.3' (uid=0 pid=621 comm="/usr/libexec/power-profiles-daemon" label="unconfined")
2024-03-04T00:23:27.915929+00:00 ChryslerPC wpa_supplicant[655]: Successfully initialized wpa_supplicant
2024-03-04T00:23:27.915932+00:00 ChryslerPC accounts-daemon[631]: started daemon version 22.08.8
2024-03-04T00:23:27.915933+00:00 ChryslerPC systemd[1]: Started switcheroo-control.service - Switcheroo Control Proxy service.
2024-03-04T00:23:27.915935+00:00 ChryslerPC systemd[1]: Started polkit.service - Authorization Manager.
2024-03-04T00:23:27.915936+00:00 ChryslerPC systemd[1]: Started power-profiles-daemon.service - Power Profiles daemon.
2024-03-04T00:23:27.915937+00:00 ChryslerPC systemd[1]: Started wpa_supplicant.service - WPA supplicant.
2024-03-04T00:23:27.915938+00:00 ChryslerPC systemd[1]: Started accounts-daemon.service - Accounts Service.
2024-03-04T00:23:27.915944+00:00 ChryslerPC systemd[1]: Starting ModemManager.service - Modem Manager...
2024-03-04T00:23:27.915945+00:00 ChryslerPC systemd[1]: alsa-state.service - Manage Sound Card State (restore and store) was skipped because of an unmet condition check (ConditionPathExists=/etc/alsa/state-daemon.conf).
2024-03-04T00:23:27.915946+00:00 ChryslerPC systemd[1]: Starting alsa-restore.service - Save/Restore Sound Card State...
2024-03-04T00:23:27.915953+00:00 ChryslerPC systemd[1]: Starting modprobe@drm.service - Load Kernel Module drm...
2024-03-04T00:23:27.915954+00:00 ChryslerPC dbus-daemon[596]: [system] Successfully activated service 'org.freedesktop.login1'
2024-03-04T00:23:27.915955+00:00 ChryslerPC systemd[1]: modprobe@drm.service: Deactivated successfully.
2024-03-04T00:23:27.915956+00:00 ChryslerPC systemd[1]: Finished modprobe@drm.service - Load Kernel Module drm.
2024-03-04T00:23:27.915958+00:00 ChryslerPC systemd[1]: Started systemd-logind.service - User Login Management.
2024-03-04T00:23:27.915960+00:00 ChryslerPC udisksd[643]: failed to load module mdraid: libbd_mdraid.so.2: cannot open shared object file: No such file or directory
2024-03-04T00:23:27.915962+00:00 ChryslerPC alsactl[678]: /usr/sbin/alsactl: load_state:1689: Cannot open /var/lib/alsa/asound.state for reading: No such file or directory
2024-03-04T00:23:27.915963+00:00 ChryslerPC systemd[1]: grub-common.service: Deactivated successfully.
2024-03-04T00:23:27.915964+00:00 ChryslerPC systemd[1]: Finished grub-common.service - Record successful boot for GRUB.
2024-03-04T00:23:27.915965+00:00 ChryslerPC alsactl[678]: alsa-lib main.c:1541:(snd_use_case_mgr_open) error: failed to import hw:0 use case configuration -2
2024-03-04T00:23:27.915966+00:00 ChryslerPC alsactl[678]: Found hardware: "ICH" "Analog Devices AD1980" "AC97a:41445370" "0x1028" "0x0177"
2024-03-04T00:23:27.915971+00:00 ChryslerPC alsactl[678]: Hardware is initialized using a generic method
2024-03-04T00:23:27.915972+00:00 ChryslerPC systemd[1]: Starting grub-initrd-fallback.service - GRUB failed boot detection...
2024-03-04T00:23:27.913638+00:00 ChryslerPC rsyslogd: imuxsock: Acquired UNIX socket '/run/systemd/journal/syslog' (fd 3) from systemd.  [v8.2302.0]
2024-03-04T00:23:27.913685+00:00 ChryslerPC systemd[1]: Started rsyslog.service - System Logging Service.
2024-03-04T00:23:27.913703+00:00 ChryslerPC rsyslogd: rsyslogd's groupid changed to 107
2024-03-04T00:23:27.913715+00:00 ChryslerPC rsyslogd: rsyslogd's userid changed to 101
2024-03-04T00:23:27.913726+00:00 ChryslerPC rsyslogd: [origin software="rsyslogd" swVersion="8.2302.0" x-pid="671" x-info="https://www.rsyslog.com"] start
2024-03-04T00:23:27.916848+00:00 ChryslerPC kernel: [    0.000000] Linux version 6.2.0-39-generic (buildd@bos03-amd64-014) (x86_64-linux-gnu-gcc-12 (Ubuntu 12.3.0-1ubuntu1~23.04) 12.3.0, GNU ld (GNU Binutils for Ubuntu) 2.40) #40-Ubuntu SMP PREEMPT_DYNAMIC Tue Nov 14 14:18:00 UTC 2023 (Ubuntu 6.2.0-39.40-generic 6.2.16)
2024-03-04T00:23:27.916911+00:00 ChryslerPC kernel: [    0.000000] Command line: BOOT_IMAGE=/boot/vmlinuz-6.2.0-39-generic root=UUID=7c3adefc-6111-4cb5-82b4-70e712a1830a ro quiet splash
2024-03-04T00:23:27.916912+00:00 ChryslerPC kernel: [    0.000000] KERNEL supported cpus:
2024-03-04T00:23:27.916913+00:00 ChryslerPC kernel: [    0.000000]   Intel GenuineIntel
2024-03-04T00:23:27.916913+00:00 ChryslerPC kernel: [    0.000000]   AMD AuthenticAMD
2024-03-04T00:23:27.916913+00:00 ChryslerPC kernel: [    0.000000]   Hygon HygonGenuine
2024-03-04T00:23:27.916913+00:00 ChryslerPC kernel: [    0.000000]   Centaur CentaurHauls
2024-03-04T00:23:27.916914+00:00 ChryslerPC kernel: [    0.000000]   zhaoxin   Shanghai  
2024-03-04T00:23:27.916914+00:00 ChryslerPC kernel: [    0.000000] BIOS-provided physical RAM map:
2024-03-04T00:23:27.916915+00:00 ChryslerPC kernel: [    0.000000] BIOS-e820: [mem 0x0000000000000000-0x000000000009fbff] usable
2024-03-04T00:23:27.916915+00:00 ChryslerPC kernel: [    0.000000] BIOS-e820: [mem 0x000000000009fc00-0x000000000009ffff] reserved
2024-03-04T00:23:27.916915+00:00 ChryslerPC kernel: [    0.000000] BIOS-e820: [mem 0x00000000000f0000-0x00000000000fffff] reserved
2024-03-04T00:23:27.916916+00:00 ChryslerPC kernel: [    0.000000] BIOS-e820: [mem 0x0000000000100000-0x00000000dffeffff] usable
2024-03-04T00:23:27.917021+00:00 ChryslerPC kernel: [    0.000000] BIOS-e820: [mem 0x00000000dfff0000-0x00000000dfffffff] ACPI data
2024-03-04T00:23:27.917022+00:00 ChryslerPC kernel: [    0.000000] BIOS-e820: [mem 0x00000000fec00000-0x00000000fec00fff] reserved
2024-03-04T00:23:27.917023+00:00 ChryslerPC kernel: [    0.000000] BIOS-e820: [mem 0x00000000fee00000-0x00000000fee00fff] reserved
2024-03-04T00:23:27.917023+00:00 ChryslerPC kernel: [    0.000000] BIOS-e820: [mem 0x00000000fffc0000-0x00000000ffffffff] reserved
2024-03-04T00:23:27.917023+00:00 ChryslerPC kernel: [    0.000000] BIOS-e820: [mem 0x0000000100000000-0x000000019ecfffff] usable
2024-03-04T00:23:27.917024+00:00 ChryslerPC kernel: [    0.000000] NX (Execute Disable) protection: active
2024-03-04T00:23:27.917024+00:00 ChryslerPC kernel: [    0.000000] SMBIOS 2.5 present.
2024-03-04T00:23:27.917024+00:00 ChryslerPC kernel: [    0.000000] DMI: innotek GmbH VirtualBox/VirtualBox, BIOS VirtualBox 12/01/2006
2024-03-04T00:23:27.917024+00:00 ChryslerPC kernel: [    0.000000] Hypervisor detected: KVM
2024-03-04T00:23:27.917025+00:00 ChryslerPC kernel: [    0.000000] kvm-clock: Using msrs 4b564d01 and 4b564d00
2024-03-04T00:23:27.917025+00:00 ChryslerPC kernel: [    0.000002] kvm-clock: using sched offset of 973753699738 cycles
2024-03-04T00:23:27.917025+00:00 ChryslerPC kernel: [    0.000004] clocksource: kvm-clock: mask: 0xffffffffffffffff max_cycles: 0x1cd42e4dffb, max_idle_ns: 881590591483 ns
2024-03-04T00:23:27.917027+00:00 ChryslerPC kernel: [    0.000007] tsc: Detected 2112.000 MHz processor
2024-03-04T00:23:27.917027+00:00 ChryslerPC kernel: [    0.001341] e820: update [mem 0x00000000-0x00000fff] usable ==> reserved
2024-03-04T00:23:27.917028+00:00 ChryslerPC kernel: [    0.001343] e820: remove [mem 0x000a0000-0x000fffff] usable
2024-03-04T00:23:27.917028+00:00 ChryslerPC kernel: [    0.001347] last_pfn = 0x19ed00 max_arch_pfn = 0x400000000
2024-03-04T00:23:27.917028+00:00 ChryslerPC kernel: [    0.001385] MTRRs disabled by BIOS
2024-03-04T00:23:27.917028+00:00 ChryslerPC kernel: [    0.001387] x86/PAT: Configuration [0-7]: WB  WC  UC- UC  WB  WP  UC- WT  
2024-03-04T00:23:27.917028+00:00 ChryslerPC kernel: [    0.001395] last_pfn = 0xdfff0 max_arch_pfn = 0x400000000
2024-03-04T00:23:27.917030+00:00 ChryslerPC kernel: [    0.001435] found SMP MP-table at [mem 0x0009fff0-0x0009ffff]
2024-03-04T00:23:27.917030+00:00 ChryslerPC kernel: [    0.001447] Incomplete global flushes, disabling PCID
2024-03-04T00:23:27.917030+00:00 ChryslerPC kernel: [    0.001578] RAMDISK: [mem 0x2fd75000-0x33eb1fff]
2024-03-04T00:23:27.917030+00:00 ChryslerPC kernel: [    0.001583] ACPI: Early table checksum verification disabled
2024-03-04T00:23:27.917030+00:00 ChryslerPC kernel: [    0.001586] ACPI: RSDP 0x00000000000E0000 000024 (v02 VBOX  )
2024-03-04T00:23:27.917031+00:00 ChryslerPC kernel: [    0.001589] ACPI: XSDT 0x00000000DFFF0030 00003C (v01 VBOX   VBOXXSDT 00000001 ASL  00000061)
2024-03-04T00:23:27.917032+00:00 ChryslerPC kernel: [    0.001594] ACPI: FACP 0x00000000DFFF00F0 0000F4 (v04 VBOX   VBOXFACP 00000001 ASL  00000061)
2024-03-04T00:23:27.917032+00:00 ChryslerPC kernel: [    0.001598] ACPI: DSDT 0x00000000DFFF0630 002353 (v02 VBOX   VBOXBIOS 00000002 INTL 20100528)
2024-03-04T00:23:27.917032+00:00 ChryslerPC kernel: [    0.001601] ACPI: FACS 0x00000000DFFF0200 000040
2024-03-04T00:23:27.917032+00:00 ChryslerPC kernel: [    0.001603] ACPI: FACS 0x00000000DFFF0200 000040
2024-03-04T00:23:27.917033+00:00 ChryslerPC kernel: [    0.001605] ACPI: APIC 0x00000000DFFF0240 000074 (v02 VBOX   VBOXAPIC 00000001 ASL  00000061)
2024-03-04T00:23:27.917033+00:00 ChryslerPC kernel: [    0.001607] ACPI: SSDT 0x00000000DFFF02C0 00036C (v01 VBOX   VBOXCPUT 00000002 INTL 20100528)
2024-03-04T00:23:27.917034+00:00 ChryslerPC kernel: [    0.001609] ACPI: Reserving FACP table memory at [mem 0xdfff00f0-0xdfff01e3]
2024-03-04T00:23:27.917034+00:00 ChryslerPC kernel: [    0.001610] ACPI: Reserving DSDT table memory at [mem 0xdfff0630-0xdfff2982]
2024-03-04T00:23:27.917034+00:00 ChryslerPC kernel: [    0.001611] ACPI: Reserving FACS table memory at [mem 0xdfff0200-0xdfff023f]
2024-03-04T00:23:27.917034+00:00 ChryslerPC kernel: [    0.001611] ACPI: Reserving FACS table memory at [mem 0xdfff0200-0xdfff023f]
2024-03-04T00:23:27.917036+00:00 ChryslerPC kernel: [    0.001611] ACPI: Reserving APIC table memory at [mem 0xdfff0240-0xdfff02b3]
2024-03-04T00:23:27.917036+00:00 ChryslerPC kernel: [    0.001612] ACPI: Reserving SSDT table memory at [mem 0xdfff02c0-0xdfff062b]
2024-03-04T00:23:27.917036+00:00 ChryslerPC kernel: [    0.002191] No NUMA configuration found
2024-03-04T00:23:27.917037+00:00 ChryslerPC kernel: [    0.002192] Faking a node at [mem 0x0000000000000000-0x000000019ecfffff]
2024-03-04T00:23:27.917037+00:00 ChryslerPC kernel: [    0.002196] NODE_DATA(0) allocated [mem 0x19ecd5000-0x19ecfffff]
2024-03-04T00:23:27.917038+00:00 ChryslerPC kernel: [    0.002319] Zone ranges:
2024-03-04T00:23:27.917038+00:00 ChryslerPC kernel: [    0.002319]   DMA      [mem 0x0000000000001000-0x0000000000ffffff]
2024-03-04T00:23:27.917038+00:00 ChryslerPC kernel: [    0.002321]   DMA32    [mem 0x0000000001000000-0x00000000ffffffff]
2024-03-04T00:23:27.917038+00:00 ChryslerPC kernel: [    0.002322]   Normal   [mem 0x0000000100000000-0x000000019ecfffff]
2024-03-04T00:23:27.917039+00:00 ChryslerPC kernel: [    0.002322]   Device   empty
2024-03-04T00:23:27.917039+00:00 ChryslerPC kernel: [    0.002323] Movable zone start for each node
2024-03-04T00:23:27.917040+00:00 ChryslerPC kernel: [    0.002324] Early memory node ranges
2024-03-04T00:23:27.917040+00:00 ChryslerPC kernel: [    0.002324]   node   0: [mem 0x0000000000001000-0x000000000009efff]
2024-03-04T00:23:27.917040+00:00 ChryslerPC kernel: [    0.002325]   node   0: [mem 0x0000000000100000-0x00000000dffeffff]
2024-03-04T00:23:27.917040+00:00 ChryslerPC kernel: [    0.002326]   node   0: [mem 0x0000000100000000-0x000000019ecfffff]
2024-03-04T00:23:27.917041+00:00 ChryslerPC kernel: [    0.002327] Initmem setup node 0 [mem 0x0000000000001000-0x000000019ecfffff]
2024-03-04T00:23:27.917041+00:00 ChryslerPC kernel: [    0.002330] On node 0, zone DMA: 1 pages in unavailable ranges
2024-03-04T00:23:27.917042+00:00 ChryslerPC kernel: [    0.002353] On node 0, zone DMA: 97 pages in unavailable ranges
2024-03-04T00:23:27.917042+00:00 ChryslerPC kernel: [    0.010922] On node 0, zone Normal: 16 pages in unavailable ranges
2024-03-04T00:23:27.917042+00:00 ChryslerPC kernel: [    0.010956] On node 0, zone Normal: 4864 pages in unavailable ranges
2024-03-04T00:23:27.917042+00:00 ChryslerPC kernel: [    0.012029] ACPI: PM-Timer IO Port: 0x4008
2024-03-04T00:23:27.917043+00:00 ChryslerPC kernel: [    0.012197] IOAPIC[0]: apic_id 5, version 32, address 0xfec00000, GSI 0-23
2024-03-04T00:23:27.917044+00:00 ChryslerPC kernel: [    0.012200] ACPI: INT_SRC_OVR (bus 0 bus_irq 0 global_irq 2 dfl dfl)
2024-03-04T00:23:27.917044+00:00 ChryslerPC kernel: [    0.012201] ACPI: INT_SRC_OVR (bus 0 bus_irq 9 global_irq 9 low level)
2024-03-04T00:23:27.917044+00:00 ChryslerPC kernel: [    0.012205] ACPI: Using ACPI (MADT) for SMP configuration information
2024-03-04T00:23:27.917044+00:00 ChryslerPC kernel: [    0.012222] smpboot: Allowing 5 CPUs, 0 hotplug CPUs
2024-03-04T00:23:27.917044+00:00 ChryslerPC kernel: [    0.012302] PM: hibernation: Registered nosave memory: [mem 0x00000000-0x00000fff]
2024-03-04T00:23:27.917045+00:00 ChryslerPC kernel: [    0.012303] PM: hibernation: Registered nosave memory: [mem 0x0009f000-0x0009ffff]
2024-03-04T00:23:27.917046+00:00 ChryslerPC kernel: [    0.012304] PM: hibernation: Registered nosave memory: [mem 0x000a0000-0x000effff]
2024-03-04T00:23:27.917046+00:00 ChryslerPC kernel: [    0.012304] PM: hibernation: Registered nosave memory: [mem 0x000f0000-0x000fffff]
2024-03-04T00:23:27.917046+00:00 ChryslerPC kernel: [    0.012305] PM: hibernation: Registered nosave memory: [mem 0xdfff0000-0xdfffffff]
2024-03-04T00:23:27.917095+00:00 ChryslerPC kernel: [    0.012305] PM: hibernation: Registered nosave memory: [mem 0xe0000000-0xfebfffff]
2024-03-04T00:23:27.917096+00:00 ChryslerPC kernel: [    0.012306] PM: hibernation: Registered nosave memory: [mem 0xfec00000-0xfec00fff]
2024-03-04T00:23:27.917097+00:00 ChryslerPC kernel: [    0.012306] PM: hibernation: Registered nosave memory: [mem 0xfec01000-0xfedfffff]
2024-03-04T00:23:27.917097+00:00 ChryslerPC kernel: [    0.012307] PM: hibernation: Registered nosave memory: [mem 0xfee00000-0xfee00fff]
2024-03-04T00:23:27.917099+00:00 ChryslerPC kernel: [    0.012307] PM: hibernation: Registered nosave memory: [mem 0xfee01000-0xfffbffff]
2024-03-04T00:23:27.917099+00:00 ChryslerPC kernel: [    0.012308] PM: hibernation: Registered nosave memory: [mem 0xfffc0000-0xffffffff]
2024-03-04T00:23:27.917099+00:00 ChryslerPC kernel: [    0.012309] [mem 0xe0000000-0xfebfffff] available for PCI devices
2024-03-04T00:23:27.917100+00:00 ChryslerPC kernel: [    0.012309] Booting paravirtualized kernel on KVM
2024-03-04T00:23:27.917100+00:00 ChryslerPC kernel: [    0.012311] clocksource: refined-jiffies: mask: 0xffffffff max_cycles: 0xffffffff, max_idle_ns: 7645519600211568 ns
2024-03-04T00:23:27.917100+00:00 ChryslerPC kernel: [    0.012315] setup_percpu: NR_CPUS:8192 nr_cpumask_bits:5 nr_cpu_ids:5 nr_node_ids:1
2024-03-04T00:23:27.917102+00:00 ChryslerPC kernel: [    0.012940] percpu: Embedded 62 pages/cpu s217088 r8192 d28672 u1048576
2024-03-04T00:23:27.917102+00:00 ChryslerPC kernel: [    0.012943] pcpu-alloc: s217088 r8192 d28672 u1048576 alloc=1*2097152
2024-03-04T00:23:27.917103+00:00 ChryslerPC kernel: [    0.012945] pcpu-alloc: [0] 0 1 [0] 2 3 [0] 4 - 
2024-03-04T00:23:27.917103+00:00 ChryslerPC kernel: [    0.013011] kvm-guest: PV spinlocks enabled
2024-03-04T00:23:27.917103+00:00 ChryslerPC kernel: [    0.013013] PV qspinlock hash table entries: 256 (order: 0, 4096 bytes, linear)
2024-03-04T00:23:27.917180+00:00 ChryslerPC kernel: [    0.013020] Fallback order for Node 0: 0 
2024-03-04T00:23:27.917181+00:00 ChryslerPC kernel: [    0.013022] Built 1 zonelists, mobility grouping on.  Total pages: 1543228
2024-03-04T00:23:27.917181+00:00 ChryslerPC kernel: [    0.013023] Policy zone: Normal
2024-03-04T00:23:27.917182+00:00 ChryslerPC kernel: [    0.013024] Kernel command line: BOOT_IMAGE=/boot/vmlinuz-6.2.0-39-generic root=UUID=7c3adefc-6111-4cb5-82b4-70e712a1830a ro quiet splash
2024-03-04T00:23:27.917182+00:00 ChryslerPC kernel: [    0.013098] Unknown kernel command line parameters "splash BOOT_IMAGE=/boot/vmlinuz-6.2.0-39-generic", will be passed to user space.
2024-03-04T00:23:27.917182+00:00 ChryslerPC kernel: [    0.013116] random: crng init done
2024-03-04T00:23:27.917183+00:00 ChryslerPC kernel: [    0.013706] Dentry cache hash table entries: 1048576 (order: 11, 8388608 bytes, linear)
2024-03-04T00:23:27.917183+00:00 ChryslerPC kernel: [    0.014030] Inode-cache hash table entries: 524288 (order: 10, 4194304 bytes, linear)
2024-03-04T00:23:27.917183+00:00 ChryslerPC kernel: [    0.014100] mem auto-init: stack:all(zero), heap alloc:on, heap free:off
2024-03-04T00:23:27.917183+00:00 ChryslerPC kernel: [    0.014104] software IO TLB: area num 8.
2024-03-04T00:23:27.917184+00:00 ChryslerPC kernel: [    0.035798] Memory: 5963920K/6271544K available (20480K kernel code, 4157K rwdata, 13012K rodata, 4764K init, 17536K bss, 307364K reserved, 0K cma-reserved)
2024-03-04T00:23:27.917184+00:00 ChryslerPC kernel: [    0.035877] SLUB: HWalign=64, Order=0-3, MinObjects=0, CPUs=5, Nodes=1
2024-03-04T00:23:27.918196+00:00 ChryslerPC systemd[1]: Finished alsa-restore.service - Save/Restore Sound Card State.
2024-03-04T00:23:27.922704+00:00 ChryslerPC udisksd[643]: Failed to load the 'mdraid' libblockdev plugin
2024-03-04T00:23:27.925880+00:00 ChryslerPC kernel: [    0.035899] ftrace: allocating 53254 entries in 209 pages
2024-03-04T00:23:27.925910+00:00 ChryslerPC kernel: [    0.042881] ftrace: allocated 209 pages with 4 groups
2024-03-04T00:23:27.925911+00:00 ChryslerPC kernel: [    0.043662] Dynamic Preempt: voluntary
2024-03-04T00:23:27.925911+00:00 ChryslerPC kernel: [    0.043687] rcu: Preemptible hierarchical RCU implementation.
2024-03-04T00:23:27.925912+00:00 ChryslerPC kernel: [    0.043688] rcu: 	RCU restricting CPUs from NR_CPUS=8192 to nr_cpu_ids=5.
2024-03-04T00:23:27.925912+00:00 ChryslerPC kernel: [    0.043689] 	Trampoline variant of Tasks RCU enabled.
2024-03-04T00:23:27.925912+00:00 ChryslerPC kernel: [    0.043689] 	Rude variant of Tasks RCU enabled.
2024-03-04T00:23:27.925912+00:00 ChryslerPC kernel: [    0.043690] 	Tracing variant of Tasks RCU enabled.
2024-03-04T00:23:27.925913+00:00 ChryslerPC kernel: [    0.043690] rcu: RCU calculated value of scheduler-enlistment delay is 25 jiffies.
2024-03-04T00:23:27.925913+00:00 ChryslerPC kernel: [    0.043691] rcu: Adjusting geometry for rcu_fanout_leaf=16, nr_cpu_ids=5
2024-03-04T00:23:27.925913+00:00 ChryslerPC kernel: [    0.045231] NR_IRQS: 524544, nr_irqs: 464, preallocated irqs: 16
2024-03-04T00:23:27.925913+00:00 ChryslerPC kernel: [    0.045458] rcu: srcu_init: Setting srcu_struct sizes based on contention.
2024-03-04T00:23:27.925914+00:00 ChryslerPC kernel: [    0.070646] Console: colour VGA+ 80x25
2024-03-04T00:23:27.925914+00:00 ChryslerPC kernel: [    0.070649] printk: console [tty0] enabled
2024-03-04T00:23:27.925914+00:00 ChryslerPC kernel: [    0.070672] ACPI: Core revision 20221020
2024-03-04T00:23:27.925914+00:00 ChryslerPC kernel: [    0.071664] APIC: Switch to symmetric I/O mode setup
2024-03-04T00:23:27.925914+00:00 ChryslerPC kernel: [    0.080759] ..TIMER: vector=0x30 apic1=0 pin1=2 apic2=-1 pin2=-1
2024-03-04T00:23:27.925915+00:00 ChryslerPC kernel: [    0.080877] clocksource: tsc-early: mask: 0xffffffffffffffff max_cycles: 0x1e71785e5dd, max_idle_ns: 440795244814 ns
2024-03-04T00:23:27.925915+00:00 ChryslerPC kernel: [    0.080883] Calibrating delay loop (skipped) preset value.. 4224.00 BogoMIPS (lpj=8448000)
2024-03-04T00:23:27.925915+00:00 ChryslerPC kernel: [    0.081913] Last level iTLB entries: 4KB 0, 2MB 0, 4MB 0
2024-03-04T00:23:27.925915+00:00 ChryslerPC kernel: [    0.081914] Last level dTLB entries: 4KB 0, 2MB 0, 4MB 0, 1GB 0
2024-03-04T00:23:27.925916+00:00 ChryslerPC kernel: [    0.081917] Spectre V1 : Mitigation: usercopy/swapgs barriers and __user pointer sanitization
2024-03-04T00:23:27.925916+00:00 ChryslerPC kernel: [    0.081919] Spectre V2 : Mitigation: Enhanced IBRS
2024-03-04T00:23:27.925916+00:00 ChryslerPC kernel: [    0.081919] Spectre V2 : Spectre v2 / SpectreRSB mitigation: Filling RSB on context switch
2024-03-04T00:23:27.925916+00:00 ChryslerPC kernel: [    0.081920] Spectre V2 : Spectre v2 / PBRSB-eIBRS: Retire a single CALL on VMEXIT
2024-03-04T00:23:27.925916+00:00 ChryslerPC kernel: [    0.081920] RETBleed: Mitigation: Enhanced IBRS
2024-03-04T00:23:27.925917+00:00 ChryslerPC kernel: [    0.081921] Speculative Store Bypass: Vulnerable
2024-03-04T00:23:27.925917+00:00 ChryslerPC kernel: [    0.081923] x86/fpu: x87 FPU will use FXSAVE
2024-03-04T00:23:27.925917+00:00 ChryslerPC kernel: [    0.094513] Freeing SMP alternatives memory: 44K
2024-03-04T00:23:27.925917+00:00 ChryslerPC kernel: [    0.094517] pid_max: default: 32768 minimum: 301
2024-03-04T00:23:27.925918+00:00 ChryslerPC kernel: [    0.094539] LSM: initializing lsm=lockdown,capability,landlock,yama,integrity,apparmor
2024-03-04T00:23:27.925918+00:00 ChryslerPC kernel: [    0.094545] landlock: Up and running.
2024-03-04T00:23:27.925918+00:00 ChryslerPC kernel: [    0.094545] Yama: becoming mindful.
2024-03-04T00:23:27.925918+00:00 ChryslerPC kernel: [    0.094562] AppArmor: AppArmor initialized
2024-03-04T00:23:27.925918+00:00 ChryslerPC kernel: [    0.094587] Mount-cache hash table entries: 16384 (order: 5, 131072 bytes, linear)
2024-03-04T00:23:27.925919+00:00 ChryslerPC kernel: [    0.094599] Mountpoint-cache hash table entries: 16384 (order: 5, 131072 bytes, linear)
2024-03-04T00:23:27.925919+00:00 ChryslerPC kernel: [    0.205216] smpboot: CPU0: 12th Gen Intel(R) Core(TM) i7-12700 (family: 0x6, model: 0x97, stepping: 0x2)
2024-03-04T00:23:27.925919+00:00 ChryslerPC kernel: [    0.205318] cblist_init_generic: Setting adjustable number of callback queues.
2024-03-04T00:23:27.925919+00:00 ChryslerPC kernel: [    0.205319] cblist_init_generic: Setting shift to 3 and lim to 1.
2024-03-04T00:23:27.925920+00:00 ChryslerPC kernel: [    0.205329] cblist_init_generic: Setting adjustable number of callback queues.
2024-03-04T00:23:27.925920+00:00 ChryslerPC kernel: [    0.205330] cblist_init_generic: Setting shift to 3 and lim to 1.
2024-03-04T00:23:27.925920+00:00 ChryslerPC kernel: [    0.205338] cblist_init_generic: Setting adjustable number of callback queues.
2024-03-04T00:23:27.925920+00:00 ChryslerPC kernel: [    0.205338] cblist_init_generic: Setting shift to 3 and lim to 1.
2024-03-04T00:23:27.925920+00:00 ChryslerPC kernel: [    0.205345] Performance Events: unsupported p6 CPU model 151 no PMU driver, software events only.
2024-03-04T00:23:27.925921+00:00 ChryslerPC kernel: [    0.205355] signal: max sigframe size: 1440
2024-03-04T00:23:27.925924+00:00 ChryslerPC kernel: [    0.205368] rcu: Hierarchical SRCU implementation.
2024-03-04T00:23:27.925925+00:00 ChryslerPC kernel: [    0.205369] rcu: 	Max phase no-delay instances is 1000.
2024-03-04T00:23:27.925925+00:00 ChryslerPC kernel: [    0.205550] NMI watchdog: Perf NMI watchdog permanently disabled
2024-03-04T00:23:27.925925+00:00 ChryslerPC kernel: [    0.205598] smp: Bringing up secondary CPUs ...
2024-03-04T00:23:27.925925+00:00 ChryslerPC kernel: [    0.205657] x86: Booting SMP configuration:
2024-03-04T00:23:27.925925+00:00 ChryslerPC kernel: [    0.205658] .... node  #0, CPUs:      #1
2024-03-04T00:23:27.925926+00:00 ChryslerPC kernel: [    0.208879] TSC synchronization [CPU#0 -> CPU#1]:
2024-03-04T00:23:27.925926+00:00 ChryslerPC kernel: [    0.208879] Measured 6029 cycles TSC warp between CPUs, turning off TSC clock.
2024-03-04T00:23:27.925926+00:00 ChryslerPC kernel: [    0.208879] tsc: Marking TSC unstable due to check_tsc_sync_source failed
2024-03-04T00:23:27.925926+00:00 ChryslerPC kernel: [    0.208993]  #2 #3 #4
2024-03-04T00:23:27.925926+00:00 ChryslerPC kernel: [    0.217518] smp: Brought up 1 node, 5 CPUs
2024-03-04T00:23:27.925927+00:00 ChryslerPC kernel: [    0.217518] smpboot: Max logical packages: 1
2024-03-04T00:23:27.925927+00:00 ChryslerPC kernel: [    0.217518] smpboot: Total of 5 processors activated (21120.00 BogoMIPS)
2024-03-04T00:23:27.925927+00:00 ChryslerPC kernel: [    0.220884] devtmpfs: initialized
2024-03-04T00:23:27.925927+00:00 ChryslerPC kernel: [    0.220917] x86/mm: Memory block size: 128MB
2024-03-04T00:23:27.925927+00:00 ChryslerPC kernel: [    0.221255] clocksource: jiffies: mask: 0xffffffff max_cycles: 0xffffffff, max_idle_ns: 7645041785100000 ns
2024-03-04T00:23:27.925928+00:00 ChryslerPC kernel: [    0.221255] futex hash table entries: 2048 (order: 5, 131072 bytes, linear)
2024-03-04T00:23:27.925928+00:00 ChryslerPC kernel: [    0.221255] pinctrl core: initialized pinctrl subsystem
2024-03-04T00:23:27.925928+00:00 ChryslerPC kernel: [    0.221270] PM: RTC time: 00:23:20, date: 2024-03-04
2024-03-04T00:23:27.925928+00:00 ChryslerPC kernel: [    0.222052] NET: Registered PF_NETLINK/PF_ROUTE protocol family
2024-03-04T00:23:27.925928+00:00 ChryslerPC kernel: [    0.222213] DMA: preallocated 1024 KiB GFP_KERNEL pool for atomic allocations
2024-03-04T00:23:27.925929+00:00 ChryslerPC kernel: [    0.222291] DMA: preallocated 1024 KiB GFP_KERNEL|GFP_DMA pool for atomic allocations
2024-03-04T00:23:27.925929+00:00 ChryslerPC kernel: [    0.222373] DMA: preallocated 1024 KiB GFP_KERNEL|GFP_DMA32 pool for atomic allocations
2024-03-04T00:23:27.925929+00:00 ChryslerPC kernel: [    0.222379] audit: initializing netlink subsys (disabled)
2024-03-04T00:23:27.925929+00:00 ChryslerPC kernel: [    0.222454] audit: type=2000 audit(1709512787.815:1): state=initialized audit_enabled=0 res=1
2024-03-04T00:23:27.925929+00:00 ChryslerPC kernel: [    0.222454] thermal_sys: Registered thermal governor 'fair_share'
2024-03-04T00:23:27.925930+00:00 ChryslerPC kernel: [    0.222454] thermal_sys: Registered thermal governor 'bang_bang'
2024-03-04T00:23:27.925930+00:00 ChryslerPC kernel: [    0.222454] thermal_sys: Registered thermal governor 'step_wise'
2024-03-04T00:23:27.925930+00:00 ChryslerPC kernel: [    0.222454] thermal_sys: Registered thermal governor 'user_space'
2024-03-04T00:23:27.925930+00:00 ChryslerPC kernel: [    0.222454] thermal_sys: Registered thermal governor 'power_allocator'
2024-03-04T00:23:27.925931+00:00 ChryslerPC kernel: [    0.222454] EISA bus registered
2024-03-04T00:23:27.925931+00:00 ChryslerPC kernel: [    0.222454] cpuidle: using governor ladder
2024-03-04T00:23:27.925931+00:00 ChryslerPC kernel: [    0.222454] cpuidle: using governor menu
2024-03-04T00:23:27.925931+00:00 ChryslerPC kernel: [    0.222454] acpiphp: ACPI Hot Plug PCI Controller Driver version: 0.5
2024-03-04T00:23:27.925932+00:00 ChryslerPC kernel: [    0.222454] PCI: Using configuration type 1 for base access
2024-03-04T00:23:27.925932+00:00 ChryslerPC kernel: [    0.222454] kprobes: kprobe jump-optimization is enabled. All kprobes are optimized if possible.
2024-03-04T00:23:27.925932+00:00 ChryslerPC kernel: [    0.243222] HugeTLB: registered 2.00 MiB page size, pre-allocated 0 pages
2024-03-04T00:23:27.925934+00:00 ChryslerPC kernel: [    0.243222] HugeTLB: 28 KiB vmemmap can be freed for a 2.00 MiB page
2024-03-04T00:23:27.925934+00:00 ChryslerPC kernel: [    0.245049] ACPI: Added _OSI(Module Device)
2024-03-04T00:23:27.925934+00:00 ChryslerPC kernel: [    0.245049] ACPI: Added _OSI(Processor Device)
2024-03-04T00:23:27.925934+00:00 ChryslerPC kernel: [    0.245049] ACPI: Added _OSI(3.0 _SCP Extensions)
2024-03-04T00:23:27.925935+00:00 ChryslerPC kernel: [    0.245049] ACPI: Added _OSI(Processor Aggregator Device)
2024-03-04T00:23:27.925935+00:00 ChryslerPC kernel: [    0.246488] ACPI: 2 ACPI AML tables successfully acquired and loaded
2024-03-04T00:23:27.925936+00:00 ChryslerPC kernel: [    0.247901] ACPI: Interpreter enabled
2024-03-04T00:23:27.925936+00:00 ChryslerPC kernel: [    0.247908] ACPI: PM: (supports S0 S5)
2024-03-04T00:23:27.925936+00:00 ChryslerPC kernel: [    0.247909] ACPI: Using IOAPIC for interrupt routing
2024-03-04T00:23:27.925937+00:00 ChryslerPC kernel: [    0.248149] PCI: Using host bridge windows from ACPI; if necessary, use "pci=nocrs" and report a bug
2024-03-04T00:23:27.925937+00:00 ChryslerPC kernel: [    0.248150] PCI: Using E820 reservations for host bridge windows
2024-03-04T00:23:27.925937+00:00 ChryslerPC kernel: [    0.248218] ACPI: Enabled 2 GPEs in block 00 to 07
2024-03-04T00:23:27.925937+00:00 ChryslerPC kernel: [    0.252736] ACPI: PCI Root Bridge [PCI0] (domain 0000 [bus 00-ff])
2024-03-04T00:23:27.925938+00:00 ChryslerPC kernel: [    0.252740] acpi PNP0A03:00: _OSC: OS supports [ASPM ClockPM Segments MSI EDR HPX-Type3]
2024-03-04T00:23:27.925939+00:00 ChryslerPC kernel: [    0.252741] acpi PNP0A03:00: _OSC: not requesting OS control; OS requires [ExtendedConfig ASPM ClockPM MSI]
2024-03-04T00:23:27.925939+00:00 ChryslerPC kernel: [    0.252879] acpi PNP0A03:00: fail to add MMCONFIG information, can't access extended configuration space under this bridge
2024-03-04T00:23:27.925939+00:00 ChryslerPC kernel: [    0.253093] PCI host bridge to bus 0000:00
2024-03-04T00:23:27.925939+00:00 ChryslerPC kernel: [    0.253096] pci_bus 0000:00: root bus resource [io  0x0000-0x0cf7 window]
2024-03-04T00:23:27.925940+00:00 ChryslerPC kernel: [    0.253097] pci_bus 0000:00: root bus resource [io  0x0d00-0xffff window]
2024-03-04T00:23:27.925941+00:00 ChryslerPC kernel: [    0.253098] pci_bus 0000:00: root bus resource [mem 0x000a0000-0x000bffff window]
2024-03-04T00:23:27.925941+00:00 ChryslerPC kernel: [    0.253099] pci_bus 0000:00: root bus resource [mem 0xe0000000-0xfdffffff window]
2024-03-04T00:23:27.925941+00:00 ChryslerPC kernel: [    0.253100] pci_bus 0000:00: root bus resource [bus 00-ff]
2024-03-04T00:23:27.925941+00:00 ChryslerPC kernel: [    0.253296] pci 0000:00:00.0: [8086:1237] type 00 class 0x060000
2024-03-04T00:23:27.925941+00:00 ChryslerPC kernel: [    0.254043] pci 0000:00:01.0: [8086:7000] type 00 class 0x060100
2024-03-04T00:23:27.925942+00:00 ChryslerPC kernel: [    0.255078] pci 0000:00:01.1: [8086:7111] type 00 class 0x01018a
2024-03-04T00:23:27.925943+00:00 ChryslerPC kernel: [    0.255658] pci 0000:00:01.1: reg 0x20: [io  0xd000-0xd00f]
2024-03-04T00:23:27.925943+00:00 ChryslerPC kernel: [    0.255903] pci 0000:00:01.1: legacy IDE quirk: reg 0x10: [io  0x01f0-0x01f7]
2024-03-04T00:23:27.925943+00:00 ChryslerPC kernel: [    0.255904] pci 0000:00:01.1: legacy IDE quirk: reg 0x14: [io  0x03f6]
2024-03-04T00:23:27.925943+00:00 ChryslerPC kernel: [    0.255904] pci 0000:00:01.1: legacy IDE quirk: reg 0x18: [io  0x0170-0x0177]
2024-03-04T00:23:27.925943+00:00 ChryslerPC kernel: [    0.255905] pci 0000:00:01.1: legacy IDE quirk: reg 0x1c: [io  0x0376]
2024-03-04T00:23:27.925944+00:00 ChryslerPC kernel: [    0.256194] pci 0000:00:02.0: [15ad:0405] type 00 class 0x030000
2024-03-04T00:23:27.925944+00:00 ChryslerPC kernel: [    0.257235] pci 0000:00:02.0: reg 0x10: [io  0xd010-0xd01f]
2024-03-04T00:23:27.925988+00:00 ChryslerPC kernel: [    0.257869] pci 0000:00:02.0: reg 0x14: [mem 0xe0000000-0xe0ffffff pref]
2024-03-04T00:23:27.925988+00:00 ChryslerPC kernel: [    0.258427] pci 0000:00:02.0: reg 0x18: [mem 0xf0000000-0xf01fffff]
2024-03-04T00:23:27.925988+00:00 ChryslerPC kernel: [    0.260879] pci 0000:00:02.0: Video device with shadowed ROM at [mem 0x000c0000-0x000dffff]
2024-03-04T00:23:27.925988+00:00 ChryslerPC kernel: [    0.260879] pci 0000:00:03.0: [8086:100e] type 00 class 0x020000
2024-03-04T00:23:27.925989+00:00 ChryslerPC kernel: [    0.260968] pci 0000:00:03.0: reg 0x10: [mem 0xf0200000-0xf021ffff]
2024-03-04T00:23:27.925989+00:00 ChryslerPC kernel: [    0.261213] pci 0000:00:03.0: reg 0x18: [io  0xd020-0xd027]
2024-03-04T00:23:27.925990+00:00 ChryslerPC kernel: [    0.262347] pci 0000:00:04.0: [80ee:cafe] type 00 class 0x088000
2024-03-04T00:23:27.925990+00:00 ChryslerPC kernel: [    0.262807] pci 0000:00:04.0: reg 0x10: [io  0xd040-0xd05f]
2024-03-04T00:23:27.925990+00:00 ChryslerPC kernel: [    0.263152] pci 0000:00:04.0: reg 0x14: [mem 0xf0400000-0xf07fffff]
2024-03-04T00:23:27.925991+00:00 ChryslerPC kernel: [    0.263470] pci 0000:00:04.0: reg 0x18: [mem 0xf0800000-0xf0803fff pref]
2024-03-04T00:23:27.925991+00:00 ChryslerPC kernel: [    0.264879] pci 0000:00:05.0: [8086:2415] type 00 class 0x040100
2024-03-04T00:23:27.925991+00:00 ChryslerPC kernel: [    0.264879] pci 0000:00:05.0: reg 0x10: [io  0xd100-0xd1ff]
2024-03-04T00:23:27.925991+00:00 ChryslerPC kernel: [    0.264879] pci 0000:00:05.0: reg 0x14: [io  0xd200-0xd23f]
2024-03-04T00:23:27.925992+00:00 ChryslerPC kernel: [    0.265596] pci 0000:00:06.0: [106b:003f] type 00 class 0x0c0310
2024-03-04T00:23:27.925992+00:00 ChryslerPC kernel: [    0.265816] pci 0000:00:06.0: reg 0x10: [mem 0xf0804000-0xf0804fff]
2024-03-04T00:23:27.925993+00:00 ChryslerPC kernel: [    0.266886] pci 0000:00:07.0: [8086:7113] type 00 class 0x068000
2024-03-04T00:23:27.925993+00:00 ChryslerPC kernel: [    0.267532] pci 0000:00:07.0: quirk: [io  0x4000-0x403f] claimed by PIIX4 ACPI
2024-03-04T00:23:27.925993+00:00 ChryslerPC kernel: [    0.267548] pci 0000:00:07.0: quirk: [io  0x4100-0x410f] claimed by PIIX4 SMB
2024-03-04T00:23:27.925993+00:00 ChryslerPC kernel: [    0.268027] pci 0000:00:08.0: [8086:100e] type 00 class 0x020000
2024-03-04T00:23:27.925994+00:00 ChryslerPC kernel: [    0.268240] pci 0000:00:08.0: reg 0x10: [mem 0xf0820000-0xf083ffff]
2024-03-04T00:23:27.925994+00:00 ChryslerPC kernel: [    0.268498] pci 0000:00:08.0: reg 0x18: [io  0xd240-0xd247]
2024-03-04T00:23:27.925995+00:00 ChryslerPC kernel: [    0.275246] pci 0000:00:0b.0: [8086:265c] type 00 class 0x0c0320
2024-03-04T00:23:27.925995+00:00 ChryslerPC kernel: [    0.275458] pci 0000:00:0b.0: reg 0x10: [mem 0xf0840000-0xf0840fff]
2024-03-04T00:23:27.925995+00:00 ChryslerPC kernel: [    0.279614] pci 0000:00:0d.0: [8086:2829] type 00 class 0x010601
2024-03-04T00:23:27.925995+00:00 ChryslerPC kernel: [    0.279846] pci 0000:00:0d.0: reg 0x10: [io  0xd248-0xd24f]
2024-03-04T00:23:27.925996+00:00 ChryslerPC kernel: [    0.279967] pci 0000:00:0d.0: reg 0x14: [io  0xd250-0xd253]
2024-03-04T00:23:27.925996+00:00 ChryslerPC kernel: [    0.280085] pci 0000:00:0d.0: reg 0x18: [io  0xd258-0xd25f]
2024-03-04T00:23:27.925997+00:00 ChryslerPC kernel: [    0.280203] pci 0000:00:0d.0: reg 0x1c: [io  0xd260-0xd263]
2024-03-04T00:23:27.925997+00:00 ChryslerPC kernel: [    0.280320] pci 0000:00:0d.0: reg 0x20: [io  0xd270-0xd27f]
2024-03-04T00:23:27.925997+00:00 ChryslerPC kernel: [    0.280437] pci 0000:00:0d.0: reg 0x24: [mem 0xf0842000-0xf0843fff]
2024-03-04T00:23:27.925997+00:00 ChryslerPC kernel: [    0.333040] ACPI: PCI: Interrupt link LNKA configured for IRQ 11
2024-03-04T00:23:27.925997+00:00 ChryslerPC kernel: [    0.333306] ACPI: PCI: Interrupt link LNKB configured for IRQ 10
2024-03-04T00:23:27.925998+00:00 ChryslerPC kernel: [    0.333399] ACPI: PCI: Interrupt link LNKC configured for IRQ 9
2024-03-04T00:23:27.925999+00:00 ChryslerPC kernel: [    0.333491] ACPI: PCI: Interrupt link LNKD configured for IRQ 11
2024-03-04T00:23:27.925999+00:00 ChryslerPC kernel: [    0.333644] iommu: Default domain type: Translated 
2024-03-04T00:23:27.925999+00:00 ChryslerPC kernel: [    0.333644] iommu: DMA domain TLB invalidation policy: lazy mode 
2024-03-04T00:23:27.925999+00:00 ChryslerPC kernel: [    0.333644] SCSI subsystem initialized
2024-03-04T00:23:27.925999+00:00 ChryslerPC kernel: [    0.333644] libata version 3.00 loaded.
2024-03-04T00:23:27.926001+00:00 ChryslerPC kernel: [    0.333644] ACPI: bus type USB registered
2024-03-04T00:23:27.926002+00:00 ChryslerPC kernel: [    0.333644] usbcore: registered new interface driver usbfs
2024-03-04T00:23:27.926002+00:00 ChryslerPC kernel: [    0.333644] usbcore: registered new interface driver hub
2024-03-04T00:23:27.926002+00:00 ChryslerPC kernel: [    0.333644] usbcore: registered new device driver usb
2024-03-04T00:23:27.926002+00:00 ChryslerPC kernel: [    0.333644] pps_core: LinuxPPS API ver. 1 registered
2024-03-04T00:23:27.926002+00:00 ChryslerPC kernel: [    0.333644] pps_core: Software ver. 5.3.6 - Copyright 2005-2007 Rodolfo Giometti <giometti@linux.it>
2024-03-04T00:23:27.926004+00:00 ChryslerPC kernel: [    0.333644] PTP clock support registered
2024-03-04T00:23:27.926004+00:00 ChryslerPC kernel: [    0.333644] EDAC MC: Ver: 3.0.0
2024-03-04T00:23:27.926004+00:00 ChryslerPC kernel: [    0.333644] NetLabel: Initializing
2024-03-04T00:23:27.926004+00:00 ChryslerPC kernel: [    0.333644] NetLabel:  domain hash size = 128
2024-03-04T00:23:27.926004+00:00 ChryslerPC kernel: [    0.333644] NetLabel:  protocols = UNLABELED CIPSOv4 CALIPSO
2024-03-04T00:23:27.926005+00:00 ChryslerPC kernel: [    0.333649] NetLabel:  unlabeled traffic allowed by default
2024-03-04T00:23:27.926005+00:00 ChryslerPC kernel: [    0.333706] mctp: management component transport protocol core
2024-03-04T00:23:27.926006+00:00 ChryslerPC kernel: [    0.333706] NET: Registered PF_MCTP protocol family
2024-03-04T00:23:27.926006+00:00 ChryslerPC kernel: [    0.333706] PCI: Using ACPI for IRQ routing
2024-03-04T00:23:27.926006+00:00 ChryslerPC kernel: [    0.333706] PCI: pci_cache_line_size set to 64 bytes
2024-03-04T00:23:27.926007+00:00 ChryslerPC kernel: [    0.337086] e820: reserve RAM buffer [mem 0x0009fc00-0x0009ffff]
2024-03-04T00:23:27.926007+00:00 ChryslerPC kernel: [    0.337087] e820: reserve RAM buffer [mem 0xdfff0000-0xdfffffff]
2024-03-04T00:23:27.926007+00:00 ChryslerPC kernel: [    0.337088] e820: reserve RAM buffer [mem 0x19ed00000-0x19fffffff]
2024-03-04T00:23:27.926008+00:00 ChryslerPC kernel: [    0.337146] pci 0000:00:02.0: vgaarb: setting as boot VGA device
2024-03-04T00:23:27.926008+00:00 ChryslerPC kernel: [    0.337146] pci 0000:00:02.0: vgaarb: bridge control possible
2024-03-04T00:23:27.926008+00:00 ChryslerPC kernel: [    0.337146] pci 0000:00:02.0: vgaarb: VGA device added: decodes=io+mem,owns=io+mem,locks=none
2024-03-04T00:23:27.926009+00:00 ChryslerPC kernel: [    0.337146] vgaarb: loaded
2024-03-04T00:23:27.926009+00:00 ChryslerPC kernel: [    0.340879] clocksource: Switched to clocksource kvm-clock
2024-03-04T00:23:27.926009+00:00 ChryslerPC kernel: [    0.345106] VFS: Disk quotas dquot_6.6.0
2024-03-04T00:23:27.926009+00:00 ChryslerPC kernel: [    0.345114] VFS: Dquot-cache hash table entries: 512 (order 0, 4096 bytes)
2024-03-04T00:23:27.926010+00:00 ChryslerPC kernel: [    0.345190] AppArmor: AppArmor Filesystem Enabled
2024-03-04T00:23:27.926010+00:00 ChryslerPC kernel: [    0.345203] pnp: PnP ACPI init
2024-03-04T00:23:27.926011+00:00 ChryslerPC kernel: [    0.345936] pnp: PnP ACPI: found 2 devices
2024-03-04T00:23:27.926011+00:00 ChryslerPC kernel: [    0.365906] clocksource: acpi_pm: mask: 0xffffff max_cycles: 0xffffff, max_idle_ns: 2085701024 ns
2024-03-04T00:23:27.926011+00:00 ChryslerPC kernel: [    0.365945] NET: Registered PF_INET protocol family
2024-03-04T00:23:27.926011+00:00 ChryslerPC kernel: [    0.366054] IP idents hash table entries: 131072 (order: 8, 1048576 bytes, linear)
2024-03-04T00:23:27.926012+00:00 ChryslerPC kernel: [    0.367033] tcp_listen_portaddr_hash hash table entries: 4096 (order: 4, 65536 bytes, linear)
2024-03-04T00:23:27.926013+00:00 ChryslerPC kernel: [    0.367061] Table-perturb hash table entries: 65536 (order: 6, 262144 bytes, linear)
2024-03-04T00:23:27.926013+00:00 ChryslerPC kernel: [    0.367127] TCP established hash table entries: 65536 (order: 7, 524288 bytes, linear)
2024-03-04T00:23:27.926013+00:00 ChryslerPC kernel: [    0.367298] TCP bind hash table entries: 65536 (order: 9, 2097152 bytes, linear)
2024-03-04T00:23:27.926013+00:00 ChryslerPC kernel: [    0.367298] TCP: Hash tables configured (established 65536 bind 65536)
2024-03-04T00:23:27.926013+00:00 ChryslerPC kernel: [    0.367298] MPTCP token hash table entries: 8192 (order: 5, 196608 bytes, linear)
2024-03-04T00:23:27.926014+00:00 ChryslerPC kernel: [    0.367298] UDP hash table entries: 4096 (order: 5, 131072 bytes, linear)
2024-03-04T00:23:27.926015+00:00 ChryslerPC kernel: [    0.367298] UDP-Lite hash table entries: 4096 (order: 5, 131072 bytes, linear)
2024-03-04T00:23:27.926015+00:00 ChryslerPC kernel: [    0.367298] NET: Registered PF_UNIX/PF_LOCAL protocol family
2024-03-04T00:23:27.926015+00:00 ChryslerPC kernel: [    0.367298] NET: Registered PF_XDP protocol family
2024-03-04T00:23:27.926015+00:00 ChryslerPC kernel: [    0.367298] pci_bus 0000:00: resource 4 [io  0x0000-0x0cf7 window]
2024-03-04T00:23:27.926015+00:00 ChryslerPC kernel: [    0.367298] pci_bus 0000:00: resource 5 [io  0x0d00-0xffff window]
2024-03-04T00:23:27.926016+00:00 ChryslerPC kernel: [    0.367298] pci_bus 0000:00: resource 6 [mem 0x000a0000-0x000bffff window]
2024-03-04T00:23:27.926017+00:00 ChryslerPC kernel: [    0.367298] pci_bus 0000:00: resource 7 [mem 0xe0000000-0xfdffffff window]
2024-03-04T00:23:27.926017+00:00 ChryslerPC kernel: [    0.367298] pci 0000:00:00.0: Limiting direct PCI/PCI transfers
2024-03-04T00:23:27.926017+00:00 ChryslerPC kernel: [    0.367298] PCI: CLS 0 bytes, default 64
2024-03-04T00:23:27.926017+00:00 ChryslerPC kernel: [    0.367298] Trying to unpack rootfs image as initramfs...
2024-03-04T00:23:27.926017+00:00 ChryslerPC kernel: [    0.532034] PCI-DMA: Using software bounce buffering for IO (SWIOTLB)
2024-03-04T00:23:27.926018+00:00 ChryslerPC kernel: [    0.532036] software IO TLB: mapped [mem 0x00000000dbff0000-0x00000000dfff0000] (64MB)
2024-03-04T00:23:27.926024+00:00 ChryslerPC kernel: [    0.532136] platform rtc_cmos: registered platform RTC device (no PNP device found)
2024-03-04T00:23:27.926024+00:00 ChryslerPC kernel: [    0.532687] Initialise system trusted keyrings
2024-03-04T00:23:27.926024+00:00 ChryslerPC kernel: [    0.532693] Key type blacklist registered
2024-03-04T00:23:27.926024+00:00 ChryslerPC kernel: [    0.532942] workingset: timestamp_bits=36 max_order=21 bucket_order=0
2024-03-04T00:23:27.926024+00:00 ChryslerPC kernel: [    0.532952] zbud: loaded
2024-03-04T00:23:27.926025+00:00 ChryslerPC kernel: [    0.533044] squashfs: version 4.0 (2009/01/31) Phillip Lougher
2024-03-04T00:23:27.926025+00:00 ChryslerPC kernel: [    0.533311] fuse: init (API version 7.38)
2024-03-04T00:23:27.926027+00:00 ChryslerPC kernel: [    0.534125] integrity: Platform Keyring initialized
2024-03-04T00:23:27.926027+00:00 ChryslerPC kernel: [    0.534126] integrity: Machine keyring initialized
2024-03-04T00:23:27.926028+00:00 ChryslerPC kernel: [    0.538666] Key type asymmetric registered
2024-03-04T00:23:27.926028+00:00 ChryslerPC kernel: [    0.538667] Asymmetric key parser 'x509' registered
2024-03-04T00:23:27.926028+00:00 ChryslerPC kernel: [    0.538683] Block layer SCSI generic (bsg) driver version 0.4 loaded (major 243)
2024-03-04T00:23:27.926028+00:00 ChryslerPC kernel: [    0.539000] io scheduler mq-deadline registered
2024-03-04T00:23:27.926030+00:00 ChryslerPC kernel: [    0.540348] shpchp: Standard Hot Plug PCI Controller Driver version: 0.4
2024-03-04T00:23:27.926030+00:00 ChryslerPC kernel: [    0.540472] ACPI: AC: AC Adapter [AC] (on-line)
2024-03-04T00:23:27.926031+00:00 ChryslerPC kernel: [    0.540497] input: Power Button as /devices/LNXSYSTM:00/LNXPWRBN:00/input/input0
2024-03-04T00:23:27.926031+00:00 ChryslerPC kernel: [    0.540728] ACPI: button: Power Button [PWRF]
2024-03-04T00:23:27.926031+00:00 ChryslerPC kernel: [    0.540777] input: Sleep Button as /devices/LNXSYSTM:00/LNXSLPBN:00/input/input1
2024-03-04T00:23:27.926031+00:00 ChryslerPC kernel: [    0.540784] ACPI: button: Sleep Button [SLPF]
2024-03-04T00:23:27.926033+00:00 ChryslerPC kernel: [    0.541251] Serial: 8250/16550 driver, 32 ports, IRQ sharing enabled
2024-03-04T00:23:27.926034+00:00 ChryslerPC kernel: [    0.541986] Linux agpgart interface v0.103
2024-03-04T00:23:27.926034+00:00 ChryslerPC kernel: [    0.544150] loop: module loaded
2024-03-04T00:23:27.926034+00:00 ChryslerPC kernel: [    0.544221] ata_piix 0000:00:01.1: version 2.13
2024-03-04T00:23:27.926034+00:00 ChryslerPC kernel: [    0.545379] scsi host0: ata_piix
2024-03-04T00:23:27.926034+00:00 ChryslerPC kernel: [    0.545872] scsi host1: ata_piix
2024-03-04T00:23:27.926035+00:00 ChryslerPC kernel: [    0.545885] ata1: PATA max UDMA/33 cmd 0x1f0 ctl 0x3f6 bmdma 0xd000 irq 14
2024-03-04T00:23:27.926037+00:00 ChryslerPC kernel: [    0.545887] ata2: PATA max UDMA/33 cmd 0x170 ctl 0x376 bmdma 0xd008 irq 15
2024-03-04T00:23:27.926037+00:00 ChryslerPC kernel: [    0.546004] tun: Universal TUN/TAP device driver, 1.6
2024-03-04T00:23:27.926037+00:00 ChryslerPC kernel: [    0.546020] PPP generic driver version 2.4.2
2024-03-04T00:23:27.926037+00:00 ChryslerPC kernel: [    0.546753] ohci-pci 0000:00:06.0: OHCI PCI host controller
2024-03-04T00:23:27.926038+00:00 ChryslerPC kernel: [    0.546757] ohci-pci 0000:00:06.0: new USB bus registered, assigned bus number 1
2024-03-04T00:23:27.926077+00:00 ChryslerPC kernel: [    0.546991] ohci-pci 0000:00:06.0: irq 22, io mem 0xf0804000
2024-03-04T00:23:27.926080+00:00 ChryslerPC kernel: [    0.567041] Freeing initrd memory: 66804K
2024-03-04T00:23:27.926080+00:00 ChryslerPC kernel: [    0.607602] usb usb1: New USB device found, idVendor=1d6b, idProduct=0001, bcdDevice= 6.02
2024-03-04T00:23:27.926080+00:00 ChryslerPC kernel: [    0.607605] usb usb1: New USB device strings: Mfr=3, Product=2, SerialNumber=1
2024-03-04T00:23:27.926080+00:00 ChryslerPC kernel: [    0.607606] usb usb1: Product: OHCI PCI host controller
2024-03-04T00:23:27.926080+00:00 ChryslerPC kernel: [    0.607607] usb usb1: Manufacturer: Linux 6.2.0-39-generic ohci_hcd
2024-03-04T00:23:27.926081+00:00 ChryslerPC kernel: [    0.607608] usb usb1: SerialNumber: 0000:00:06.0
2024-03-04T00:23:27.926081+00:00 ChryslerPC kernel: [    0.607675] hub 1-0:1.0: USB hub found
2024-03-04T00:23:27.926083+00:00 ChryslerPC kernel: [    0.607710] hub 1-0:1.0: 12 ports detected
2024-03-04T00:23:27.926083+00:00 ChryslerPC kernel: [    0.608538] i8042: PNP: PS/2 Controller [PNP0303:PS2K,PNP0f03:PS2M] at 0x60,0x64 irq 1,12
2024-03-04T00:23:27.926083+00:00 ChryslerPC kernel: [    0.608545] ehci-pci 0000:00:0b.0: EHCI Host Controller
2024-03-04T00:23:27.926084+00:00 ChryslerPC kernel: [    0.608553] ehci-pci 0000:00:0b.0: new USB bus registered, assigned bus number 2
2024-03-04T00:23:27.926084+00:00 ChryslerPC kernel: [    0.609163] ehci-pci 0000:00:0b.0: irq 19, io mem 0xf0840000
2024-03-04T00:23:27.926084+00:00 ChryslerPC kernel: [    0.610374] serio: i8042 KBD port at 0x60,0x64 irq 1
2024-03-04T00:23:27.926087+00:00 ChryslerPC kernel: [    0.610380] serio: i8042 AUX port at 0x60,0x64 irq 12
2024-03-04T00:23:27.926087+00:00 ChryslerPC kernel: [    0.610451] mousedev: PS/2 mouse device common for all mice
2024-03-04T00:23:27.926087+00:00 ChryslerPC kernel: [    0.611076] input: AT Translated Set 2 keyboard as /devices/platform/i8042/serio0/input/input2
2024-03-04T00:23:27.926087+00:00 ChryslerPC kernel: [    0.612386] rtc_cmos rtc_cmos: registered as rtc0
2024-03-04T00:23:27.926087+00:00 ChryslerPC kernel: [    0.612548] rtc_cmos rtc_cmos: setting system clock to 2024-03-04T00:23:20 UTC (1709511800)
2024-03-04T00:23:27.926088+00:00 ChryslerPC kernel: [    0.612619] rtc_cmos rtc_cmos: alarms up to one day, 114 bytes nvram
2024-03-04T00:23:27.926090+00:00 ChryslerPC kernel: [    0.612623] i2c_dev: i2c /dev entries driver
2024-03-04T00:23:27.926090+00:00 ChryslerPC kernel: [    0.612634] device-mapper: core: CONFIG_IMA_DISABLE_HTABLE is disabled. Duplicate IMA measurements will not be recorded in the IMA log.
2024-03-04T00:23:27.926090+00:00 ChryslerPC kernel: [    0.612644] device-mapper: uevent: version 1.0.3
2024-03-04T00:23:27.926090+00:00 ChryslerPC kernel: [    0.612659] device-mapper: ioctl: 4.47.0-ioctl (2022-07-28) initialised: dm-devel@redhat.com
2024-03-04T00:23:27.926091+00:00 ChryslerPC kernel: [    0.612670] platform eisa.0: Probing EISA bus 0
2024-03-04T00:23:27.926091+00:00 ChryslerPC kernel: [    0.612671] platform eisa.0: EISA: Cannot allocate resource for mainboard
2024-03-04T00:23:27.926092+00:00 ChryslerPC kernel: [    0.612672] platform eisa.0: Cannot allocate resource for EISA slot 1
2024-03-04T00:23:27.926093+00:00 ChryslerPC kernel: [    0.612673] platform eisa.0: Cannot allocate resource for EISA slot 2
2024-03-04T00:23:27.926093+00:00 ChryslerPC kernel: [    0.612674] platform eisa.0: Cannot allocate resource for EISA slot 3
2024-03-04T00:23:27.926094+00:00 ChryslerPC kernel: [    0.612674] platform eisa.0: Cannot allocate resource for EISA slot 4
2024-03-04T00:23:27.926094+00:00 ChryslerPC kernel: [    0.612675] platform eisa.0: Cannot allocate resource for EISA slot 5
2024-03-04T00:23:27.926094+00:00 ChryslerPC kernel: [    0.612676] platform eisa.0: Cannot allocate resource for EISA slot 6
2024-03-04T00:23:27.926094+00:00 ChryslerPC kernel: [    0.612676] platform eisa.0: Cannot allocate resource for EISA slot 7
2024-03-04T00:23:27.926096+00:00 ChryslerPC kernel: [    0.612677] platform eisa.0: Cannot allocate resource for EISA slot 8
2024-03-04T00:23:27.926097+00:00 ChryslerPC kernel: [    0.612678] platform eisa.0: EISA: Detected 0 cards
2024-03-04T00:23:27.926097+00:00 ChryslerPC kernel: [    0.612679] intel_pstate: CPU model not supported
2024-03-04T00:23:27.926097+00:00 ChryslerPC kernel: [    0.613496] ledtrig-cpu: registered to indicate activity on CPUs
2024-03-04T00:23:27.926097+00:00 ChryslerPC kernel: [    0.613545] drop_monitor: Initializing network drop monitor service
2024-03-04T00:23:27.926098+00:00 ChryslerPC kernel: [    0.621252] NET: Registered PF_INET6 protocol family
2024-03-04T00:23:27.926100+00:00 ChryslerPC kernel: [    0.623740] ehci-pci 0000:00:0b.0: USB 2.0 started, EHCI 1.00
2024-03-04T00:23:27.926100+00:00 ChryslerPC kernel: [    0.623794] usb usb2: New USB device found, idVendor=1d6b, idProduct=0002, bcdDevice= 6.02
2024-03-04T00:23:27.926100+00:00 ChryslerPC kernel: [    0.623795] usb usb2: New USB device strings: Mfr=3, Product=2, SerialNumber=1
2024-03-04T00:23:27.926100+00:00 ChryslerPC kernel: [    0.623796] usb usb2: Product: EHCI Host Controller
2024-03-04T00:23:27.926101+00:00 ChryslerPC kernel: [    0.623797] usb usb2: Manufacturer: Linux 6.2.0-39-generic ehci_hcd
2024-03-04T00:23:27.926101+00:00 ChryslerPC kernel: [    0.623798] usb usb2: SerialNumber: 0000:00:0b.0
2024-03-04T00:23:27.926101+00:00 ChryslerPC kernel: [    0.624022] hub 2-0:1.0: USB hub found
2024-03-04T00:23:27.926103+00:00 ChryslerPC kernel: [    0.624025] hub 2-0:1.0: 12 ports detected
2024-03-04T00:23:27.926103+00:00 ChryslerPC kernel: [    0.630832] Segment Routing with IPv6
2024-03-04T00:23:27.926103+00:00 ChryslerPC kernel: [    0.630842] In-situ OAM (IOAM) with IPv6
2024-03-04T00:23:27.926104+00:00 ChryslerPC kernel: [    0.630859] NET: Registered PF_PACKET protocol family
2024-03-04T00:23:27.926104+00:00 ChryslerPC kernel: [    0.631109] Key type dns_resolver registered
2024-03-04T00:23:27.926104+00:00 ChryslerPC kernel: [    0.632240] IPI shorthand broadcast: enabled
2024-03-04T00:23:27.926106+00:00 ChryslerPC kernel: [    0.632930] sched_clock: Marking stable (596901508, 35166696)->(669050842, -36982638)
2024-03-04T00:23:27.926106+00:00 ChryslerPC kernel: [    0.633538] registered taskstats version 1
2024-03-04T00:23:27.926106+00:00 ChryslerPC kernel: [    0.634838] Loading compiled-in X.509 certificates
2024-03-04T00:23:27.926107+00:00 ChryslerPC kernel: [    0.635474] Loaded X.509 cert 'Build time autogenerated kernel key: 6eddb12449a36413eb2a4fa19a0e4a40816a388f'
2024-03-04T00:23:27.926107+00:00 ChryslerPC kernel: [    0.635705] Loaded X.509 cert 'Canonical Ltd. Live Patch Signing: 14df34d1a87cf37625abec039ef2bf521249b969'
2024-03-04T00:23:27.926107+00:00 ChryslerPC kernel: [    0.636014] Loaded X.509 cert 'Canonical Ltd. Kernel Module Signing: 88f752e560a1e0737e31163a466ad7b70a850c19'
2024-03-04T00:23:27.926110+00:00 ChryslerPC kernel: [    0.636016] blacklist: Loading compiled-in revocation X.509 certificates
2024-03-04T00:23:27.926110+00:00 ChryslerPC kernel: [    0.636025] Loaded X.509 cert 'Canonical Ltd. Secure Boot Signing: 61482aa2830d0ab2ad5af10b7250da9033ddcef0'
2024-03-04T00:23:27.926110+00:00 ChryslerPC kernel: [    0.636034] Loaded X.509 cert 'Canonical Ltd. Secure Boot Signing (2017): 242ade75ac4a15e50d50c84b0d45ff3eae707a03'
2024-03-04T00:23:27.926110+00:00 ChryslerPC kernel: [    0.636040] Loaded X.509 cert 'Canonical Ltd. Secure Boot Signing (ESM 2018): 365188c1d374d6b07c3c8f240f8ef722433d6a8b'
2024-03-04T00:23:27.926111+00:00 ChryslerPC kernel: [    0.636047] Loaded X.509 cert 'Canonical Ltd. Secure Boot Signing (2019): c0746fd6c5da3ae827864651ad66ae47fe24b3e8'
2024-03-04T00:23:27.926113+00:00 ChryslerPC kernel: [    0.636055] Loaded X.509 cert 'Canonical Ltd. Secure Boot Signing (2021 v1): a8d54bbb3825cfb94fa13c9f8a594a195c107b8d'
2024-03-04T00:23:27.926113+00:00 ChryslerPC kernel: [    0.636062] Loaded X.509 cert 'Canonical Ltd. Secure Boot Signing (2021 v2): 4cf046892d6fd3c9a5b03f98d845f90851dc6a8c'
2024-03-04T00:23:27.926113+00:00 ChryslerPC kernel: [    0.636069] Loaded X.509 cert 'Canonical Ltd. Secure Boot Signing (2021 v3): 100437bb6de6e469b581e61cd66bce3ef4ed53af'
2024-03-04T00:23:27.926113+00:00 ChryslerPC kernel: [    0.636080] Loaded X.509 cert 'Canonical Ltd. Secure Boot Signing (Ubuntu Core 2019): c1d57b8f6b743f23ee41f4f7ee292f06eecadfb9'
2024-03-04T00:23:27.926114+00:00 ChryslerPC kernel: [    0.636192] zswap: loaded using pool lzo/zbud
2024-03-04T00:23:27.926114+00:00 ChryslerPC kernel: [    0.637886] Key type .fscrypt registered
2024-03-04T00:23:27.926116+00:00 ChryslerPC kernel: [    0.637887] Key type fscrypt-provisioning registered
2024-03-04T00:23:27.926116+00:00 ChryslerPC kernel: [    0.645438] Key type encrypted registered
2024-03-04T00:23:27.926116+00:00 ChryslerPC kernel: [    0.645441] AppArmor: AppArmor sha1 policy hashing enabled
2024-03-04T00:23:27.926117+00:00 ChryslerPC kernel: [    0.645447] ima: No TPM chip found, activating TPM-bypass!
2024-03-04T00:23:27.926117+00:00 ChryslerPC kernel: [    0.645450] Loading compiled-in module X.509 certificates
2024-03-04T00:23:27.926117+00:00 ChryslerPC kernel: [    0.645693] Loaded X.509 cert 'Build time autogenerated kernel key: 6eddb12449a36413eb2a4fa19a0e4a40816a388f'
2024-03-04T00:23:27.926119+00:00 ChryslerPC kernel: [    0.645694] ima: Allocated hash algorithm: sha1
2024-03-04T00:23:27.926119+00:00 ChryslerPC kernel: [    0.645699] ima: No architecture policies found
2024-03-04T00:23:27.926120+00:00 ChryslerPC kernel: [    0.645707] evm: Initialising EVM extended attributes:
2024-03-04T00:23:27.926120+00:00 ChryslerPC kernel: [    0.645708] evm: security.selinux
2024-03-04T00:23:27.926120+00:00 ChryslerPC kernel: [    0.645708] evm: security.SMACK64
2024-03-04T00:23:27.926120+00:00 ChryslerPC kernel: [    0.645709] evm: security.SMACK64EXEC
2024-03-04T00:23:27.926120+00:00 ChryslerPC kernel: [    0.645709] evm: security.SMACK64TRANSMUTE
2024-03-04T00:23:27.926122+00:00 ChryslerPC kernel: [    0.645710] evm: security.SMACK64MMAP
2024-03-04T00:23:27.926123+00:00 ChryslerPC kernel: [    0.645710] evm: security.apparmor
2024-03-04T00:23:27.926123+00:00 ChryslerPC kernel: [    0.645710] evm: security.ima
2024-03-04T00:23:27.926123+00:00 ChryslerPC kernel: [    0.645711] evm: security.capability
2024-03-04T00:23:27.926123+00:00 ChryslerPC kernel: [    0.645711] evm: HMAC attrs: 0x1
2024-03-04T00:23:27.926123+00:00 ChryslerPC kernel: [    0.646242] PM:   Magic number: 0:101:354
2024-03-04T00:23:27.926127+00:00 ChryslerPC kernel: [    0.646249] input event0: hash matches
2024-03-04T00:23:27.926127+00:00 ChryslerPC kernel: [    0.647000] RAS: Correctable Errors collector initialized.
2024-03-04T00:23:27.926127+00:00 ChryslerPC kernel: [    0.725842] ata2.00: ATAPI: VBOX CD-ROM, 1.0, max UDMA/133
2024-03-04T00:23:27.926127+00:00 ChryslerPC kernel: [    0.727844] scsi 1:0:0:0: CD-ROM            VBOX     CD-ROM           1.0  PQ: 0 ANSI: 5
2024-03-04T00:23:27.926127+00:00 ChryslerPC kernel: [    0.746152] sr 1:0:0:0: [sr0] scsi3-mmc drive: 32x/32x xa/form2 tray
2024-03-04T00:23:27.926128+00:00 ChryslerPC kernel: [    0.746155] cdrom: Uniform CD-ROM driver Revision: 3.20
2024-03-04T00:23:27.926129+00:00 ChryslerPC kernel: [    0.768841] sr 1:0:0:0: Attached scsi CD-ROM sr0
2024-03-04T00:23:27.926130+00:00 ChryslerPC kernel: [    0.769307] sr 1:0:0:0: Attached scsi generic sg0 type 5
2024-03-04T00:23:27.926130+00:00 ChryslerPC kernel: [    0.771552] Freeing unused decrypted memory: 2036K
2024-03-04T00:23:27.926130+00:00 ChryslerPC kernel: [    0.772275] Freeing unused kernel image (initmem) memory: 4764K
2024-03-04T00:23:27.926130+00:00 ChryslerPC kernel: [    0.784189] Write protecting the kernel read-only data: 34816k
2024-03-04T00:23:27.926131+00:00 ChryslerPC kernel: [    0.785432] Freeing unused kernel image (rodata/data gap) memory: 1324K
2024-03-04T00:23:27.926131+00:00 ChryslerPC kernel: [    0.791248] x86/mm: Checked W+X mappings: passed, no W+X pages found.
2024-03-04T00:23:27.926133+00:00 ChryslerPC kernel: [    0.791428] Run /init as init process
2024-03-04T00:23:27.926133+00:00 ChryslerPC kernel: [    0.791430]   with arguments:
2024-03-04T00:23:27.926133+00:00 ChryslerPC kernel: [    0.791431]     /init
2024-03-04T00:23:27.926133+00:00 ChryslerPC kernel: [    0.791431]     splash
2024-03-04T00:23:27.926133+00:00 ChryslerPC kernel: [    0.791432]   with environment:
2024-03-04T00:23:27.926134+00:00 ChryslerPC kernel: [    0.791432]     HOME=/
2024-03-04T00:23:27.926136+00:00 ChryslerPC kernel: [    0.791433]     TERM=linux
2024-03-04T00:23:27.926136+00:00 ChryslerPC kernel: [    0.791433]     BOOT_IMAGE=/boot/vmlinuz-6.2.0-39-generic
2024-03-04T00:23:27.926136+00:00 ChryslerPC kernel: [    0.850502] piix4_smbus 0000:00:07.0: SMBus Host Controller at 0x4100, revision 0
2024-03-04T00:23:27.926137+00:00 ChryslerPC kernel: [    0.853933] e1000: Intel(R) PRO/1000 Network Driver
2024-03-04T00:23:27.926137+00:00 ChryslerPC kernel: [    0.853936] e1000: Copyright (c) 1999-2006 Intel Corporation.
2024-03-04T00:23:27.926137+00:00 ChryslerPC kernel: [    0.855842] ahci 0000:00:0d.0: version 3.0
2024-03-04T00:23:27.926137+00:00 ChryslerPC kernel: [    0.856547] ahci 0000:00:0d.0: SSS flag set, parallel bus scan disabled
2024-03-04T00:23:27.926139+00:00 ChryslerPC kernel: [    0.856945] ahci 0000:00:0d.0: AHCI 0001.0100 32 slots 1 ports 3 Gbps 0x1 impl SATA mode
2024-03-04T00:23:27.926139+00:00 ChryslerPC kernel: [    0.856947] ahci 0000:00:0d.0: flags: 64bit ncq stag only ccc 
2024-03-04T00:23:27.926140+00:00 ChryslerPC kernel: [    0.858508] scsi host2: ahci
2024-03-04T00:23:27.926171+00:00 ChryslerPC kernel: [    0.859833] ACPI: video: Video Device [GFX0] (multi-head: yes  rom: no  post: no)
2024-03-04T00:23:27.926171+00:00 ChryslerPC kernel: [    0.861154] input: Video Bus as /devices/LNXSYSTM:00/LNXSYBUS:00/PNP0A03:00/LNXVIDEO:00/input/input5
2024-03-04T00:23:27.926171+00:00 ChryslerPC kernel: [    0.864190] ata3: SATA max UDMA/133 abar m8192@0xf0842000 port 0xf0842100 irq 21
2024-03-04T00:23:27.926173+00:00 ChryslerPC kernel: [    1.015759] usb 1-1: new full-speed USB device number 2 using ohci-pci
2024-03-04T00:23:27.926173+00:00 ChryslerPC kernel: [    1.078844] input: ImExPS/2 Generic Explorer Mouse as /devices/platform/i8042/serio1/input/input4
2024-03-04T00:23:27.926174+00:00 ChryslerPC kernel: [    1.176168] ata3: SATA link up 3.0 Gbps (SStatus 123 SControl 300)
2024-03-04T00:23:27.926174+00:00 ChryslerPC kernel: [    1.176440] ata3.00: ATA-6: VBOX HARDDISK, 1.0, max UDMA/133
2024-03-04T00:23:27.926174+00:00 ChryslerPC kernel: [    1.176443] ata3.00: 52428800 sectors, multi 128: LBA48 NCQ (depth 32)
2024-03-04T00:23:27.926174+00:00 ChryslerPC kernel: [    1.176750] ata3.00: configured for UDMA/133
2024-03-04T00:23:27.926176+00:00 ChryslerPC kernel: [    1.176878] scsi 2:0:0:0: Direct-Access     ATA      VBOX HARDDISK    1.0  PQ: 0 ANSI: 5
2024-03-04T00:23:27.926176+00:00 ChryslerPC kernel: [    1.177319] sd 2:0:0:0: Attached scsi generic sg1 type 0
2024-03-04T00:23:27.926176+00:00 ChryslerPC kernel: [    1.177326] sd 2:0:0:0: [sda] 52428800 512-byte logical blocks: (26.8 GB/25.0 GiB)
